Archive member included to satisfy reference by file (symbol)

d:/gnuarm~1/102021~1.10/bin/../lib/gcc/arm-none-eabi/10.3.1/thumb/v7e-m/nofp\libgcc.a(_arm_muldf3.o)
                              CMakeFiles/CableMeasure.elf.dir/User/getC.c.obj (__aeabi_dmul)
d:/gnuarm~1/102021~1.10/bin/../lib/gcc/arm-none-eabi/10.3.1/thumb/v7e-m/nofp\libgcc.a(_arm_mulsf3.o)
                              CMakeFiles/CableMeasure.elf.dir/User/getR.c.obj (__aeabi_fmul)
d:/gnuarm~1/102021~1.10/bin/../lib/gcc/arm-none-eabi/10.3.1/thumb/v7e-m/nofp\libgcc.a(_arm_addsubdf3.o)
                              CMakeFiles/CableMeasure.elf.dir/User/getC.c.obj (__aeabi_dsub)
d:/gnuarm~1/102021~1.10/bin/../lib/gcc/arm-none-eabi/10.3.1/thumb/v7e-m/nofp\libgcc.a(_arm_muldivdf3.o)
                              CMakeFiles/CableMeasure.elf.dir/User/getC.c.obj (__aeabi_ddiv)
d:/gnuarm~1/102021~1.10/bin/../lib/gcc/arm-none-eabi/10.3.1/thumb/v7e-m/nofp\libgcc.a(_arm_fixunsdfsi.o)
                              CMakeFiles/CableMeasure.elf.dir/User/getL.c.obj (__aeabi_d2uiz)
d:/gnuarm~1/102021~1.10/bin/../lib/gcc/arm-none-eabi/10.3.1/thumb/v7e-m/nofp\libgcc.a(_arm_truncdfsf2.o)
                              CMakeFiles/CableMeasure.elf.dir/User/getC.c.obj (__aeabi_d2f)
d:/gnuarm~1/102021~1.10/bin/../lib/gcc/arm-none-eabi/10.3.1/thumb/v7e-m/nofp\libgcc.a(_arm_addsubsf3.o)
                              CMakeFiles/CableMeasure.elf.dir/User/getR.c.obj (__aeabi_fsub)
d:/gnuarm~1/102021~1.10/bin/../lib/gcc/arm-none-eabi/10.3.1/thumb/v7e-m/nofp\libgcc.a(_arm_muldivsf3.o)
                              CMakeFiles/CableMeasure.elf.dir/User/getC.c.obj (__aeabi_fdiv)
d:/gnuarm~1/102021~1.10/bin/../lib/gcc/arm-none-eabi/10.3.1/thumb/v7e-m/nofp\libgcc.a(_arm_cmpsf2.o)
                              CMakeFiles/CableMeasure.elf.dir/User/getC.c.obj (__aeabi_fcmplt)
d:/gnuarm~1/102021~1.10/bin/../lib/gcc/arm-none-eabi/10.3.1/thumb/v7e-m/nofp\libgcc.a(_arm_fixunssfsi.o)
                              CMakeFiles/CableMeasure.elf.dir/User/getL.c.obj (__aeabi_f2uiz)
d:/gnuarm~1/102021~1.10/bin/../lib/gcc/arm-none-eabi/10.3.1/thumb/v7e-m/nofp\libgcc.a(_aeabi_uldivmod.o)
                              CMakeFiles/CableMeasure.elf.dir/Drivers/STM32F4xx_HAL_Driver/Src/stm32f4xx_hal_rcc.c.obj (__aeabi_uldivmod)
d:/gnuarm~1/102021~1.10/bin/../lib/gcc/arm-none-eabi/10.3.1/thumb/v7e-m/nofp\libgcc.a(_udivmoddi4.o)
                              d:/gnuarm~1/102021~1.10/bin/../lib/gcc/arm-none-eabi/10.3.1/thumb/v7e-m/nofp\libgcc.a(_aeabi_uldivmod.o) (__udivmoddi4)
d:/gnuarm~1/102021~1.10/bin/../lib/gcc/arm-none-eabi/10.3.1/thumb/v7e-m/nofp\libgcc.a(_dvmd_tls.o)
                              d:/gnuarm~1/102021~1.10/bin/../lib/gcc/arm-none-eabi/10.3.1/thumb/v7e-m/nofp\libgcc.a(_aeabi_uldivmod.o) (__aeabi_ldiv0)
d:/gnuarm~1/102021~1.10/bin/../lib/gcc/arm-none-eabi/10.3.1/../../../../arm-none-eabi/lib/thumb/v7e-m/nofp\libg.a(lib_a-errno.o)
                              CMakeFiles/CableMeasure.elf.dir/Core/Src/syscalls.c.obj (__errno)
d:/gnuarm~1/102021~1.10/bin/../lib/gcc/arm-none-eabi/10.3.1/../../../../arm-none-eabi/lib/thumb/v7e-m/nofp\libg.a(lib_a-exit.o)
                              d:/gnuarm~1/102021~1.10/bin/../lib/gcc/arm-none-eabi/10.3.1/../../../../arm-none-eabi/lib/thumb/v7e-m/nofp/crt0.o (exit)
d:/gnuarm~1/102021~1.10/bin/../lib/gcc/arm-none-eabi/10.3.1/../../../../arm-none-eabi/lib/thumb/v7e-m/nofp\libg.a(lib_a-impure.o)
                              d:/gnuarm~1/102021~1.10/bin/../lib/gcc/arm-none-eabi/10.3.1/../../../../arm-none-eabi/lib/thumb/v7e-m/nofp\libg.a(lib_a-exit.o) (_global_impure_ptr)
d:/gnuarm~1/102021~1.10/bin/../lib/gcc/arm-none-eabi/10.3.1/../../../../arm-none-eabi/lib/thumb/v7e-m/nofp\libg.a(lib_a-init.o)
                              d:/gnuarm~1/102021~1.10/bin/../lib/gcc/arm-none-eabi/10.3.1/../../../../arm-none-eabi/lib/thumb/v7e-m/nofp/crt0.o (__libc_init_array)
d:/gnuarm~1/102021~1.10/bin/../lib/gcc/arm-none-eabi/10.3.1/../../../../arm-none-eabi/lib/thumb/v7e-m/nofp\libg.a(lib_a-memset.o)
                              d:/gnuarm~1/102021~1.10/bin/../lib/gcc/arm-none-eabi/10.3.1/../../../../arm-none-eabi/lib/thumb/v7e-m/nofp/crt0.o (memset)
d:/gnuarm~1/102021~1.10/bin/../lib/gcc/arm-none-eabi/10.3.1/../../../../arm-none-eabi/lib/thumb/v7e-m/nofp\libg.a(lib_a-sprintf.o)
                              CMakeFiles/CableMeasure.elf.dir/User/display.c.obj (sprintf)
d:/gnuarm~1/102021~1.10/bin/../lib/gcc/arm-none-eabi/10.3.1/../../../../arm-none-eabi/lib/thumb/v7e-m/nofp\libg.a(lib_a-strlen.o)
                              CMakeFiles/CableMeasure.elf.dir/User/display.c.obj (strlen)
d:/gnuarm~1/102021~1.10/bin/../lib/gcc/arm-none-eabi/10.3.1/../../../../arm-none-eabi/lib/thumb/v7e-m/nofp\libg.a(lib_a-svfprintf.o)
                              d:/gnuarm~1/102021~1.10/bin/../lib/gcc/arm-none-eabi/10.3.1/../../../../arm-none-eabi/lib/thumb/v7e-m/nofp\libg.a(lib_a-sprintf.o) (_svfprintf_r)
[...]
Memory Configuration

Name             Origin             Length             Attributes
CCMRAM           0x10000000         0x00010000         xrw
RAM              0x20000000         0x00030000         xrw
FLASH            0x08000000         0x00100000         xr
*default*        0x00000000         0xffffffff

Linker script and memory map

LOAD d:/gnuarm~1/102021~1.10/bin/../lib/gcc/arm-none-eabi/10.3.1/thumb/v7e-m/nofp/crti.o
LOAD d:/gnuarm~1/102021~1.10/bin/../lib/gcc/arm-none-eabi/10.3.1/thumb/v7e-m/nofp/crtbegin.o
LOAD d:/gnuarm~1/102021~1.10/bin/../lib/gcc/arm-none-eabi/10.3.1/../../../../arm-none-eabi/lib/thumb/v7e-m/nofp/crt0.o
LOAD CMakeFiles/CableMeasure.elf.dir/Core/Src/adc.c.obj
LOAD CMakeFiles/CableMeasure.elf.dir/Core/Src/gpio.c.obj
LOAD CMakeFiles/CableMeasure.elf.dir/Core/Src/main.c.obj
LOAD CMakeFiles/CableMeasure.elf.dir/Core/Src/stm32f4xx_hal_msp.c.obj
LOAD CMakeFiles/CableMeasure.elf.dir/Core/Src/stm32f4xx_it.c.obj
LOAD CMakeFiles/CableMeasure.elf.dir/Core/Src/syscalls.c.obj
LOAD CMakeFiles/CableMeasure.elf.dir/Core/Src/sysmem.c.obj
LOAD CMakeFiles/CableMeasure.elf.dir/Core/Src/system_stm32f4xx.c.obj
LOAD CMakeFiles/CableMeasure.elf.dir/Core/Src/tim.c.obj
LOAD CMakeFiles/CableMeasure.elf.dir/Core/Src/usart.c.obj
LOAD CMakeFiles/CableMeasure.elf.dir/Core/Startup/startup_stm32f429zgtx.s.obj
LOAD CMakeFiles/CableMeasure.elf.dir/Drivers/STM32F4xx_HAL_Driver/Src/stm32f4xx_hal.c.obj
LOAD CMakeFiles/CableMeasure.elf.dir/Drivers/STM32F4xx_HAL_Driver/Src/stm32f4xx_hal_adc.c.obj
LOAD CMakeFiles/CableMeasure.elf.dir/Drivers/STM32F4xx_HAL_Driver/Src/stm32f4xx_hal_adc_ex.c.obj
LOAD CMakeFiles/CableMeasure.elf.dir/Drivers/STM32F4xx_HAL_Driver/Src/stm32f4xx_hal_cortex.c.obj
LOAD CMakeFiles/CableMeasure.elf.dir/Drivers/STM32F4xx_HAL_Driver/Src/stm32f4xx_hal_dma.c.obj
LOAD CMakeFiles/CableMeasure.elf.dir/Drivers/STM32F4xx_HAL_Driver/Src/stm32f4xx_hal_dma_ex.c.obj
LOAD CMakeFiles/CableMeasure.elf.dir/Drivers/STM32F4xx_HAL_Driver/Src/stm32f4xx_hal_exti.c.obj
LOAD CMakeFiles/CableMeasure.elf.dir/Drivers/STM32F4xx_HAL_Driver/Src/stm32f4xx_hal_flash.c.obj
LOAD CMakeFiles/CableMeasure.elf.dir/Drivers/STM32F4xx_HAL_Driver/Src/stm32f4xx_hal_flash_ex.c.obj
LOAD CMakeFiles/CableMeasure.elf.dir/Drivers/STM32F4xx_HAL_Driver/Src/stm32f4xx_hal_flash_ramfunc.c.obj
LOAD CMakeFiles/CableMeasure.elf.dir/Drivers/STM32F4xx_HAL_Driver/Src/stm32f4xx_hal_gpio.c.obj
LOAD CMakeFiles/CableMeasure.elf.dir/Drivers/STM32F4xx_HAL_Driver/Src/stm32f4xx_hal_pwr.c.obj
LOAD CMakeFiles/CableMeasure.elf.dir/Drivers/STM32F4xx_HAL_Driver/Src/stm32f4xx_hal_pwr_ex.c.obj
LOAD CMakeFiles/CableMeasure.elf.dir/Drivers/STM32F4xx_HAL_Driver/Src/stm32f4xx_hal_rcc.c.obj
LOAD CMakeFiles/CableMeasure.elf.dir/Drivers/STM32F4xx_HAL_Driver/Src/stm32f4xx_hal_rcc_ex.c.obj
LOAD CMakeFiles/CableMeasure.elf.dir/Drivers/STM32F4xx_HAL_Driver/Src/stm32f4xx_hal_tim.c.obj
LOAD CMakeFiles/CableMeasure.elf.dir/Drivers/STM32F4xx_HAL_Driver/Src/stm32f4xx_hal_tim_ex.c.obj
LOAD CMakeFiles/CableMeasure.elf.dir/Drivers/STM32F4xx_HAL_Driver/Src/stm32f4xx_hal_uart.c.obj
LOAD CMakeFiles/CableMeasure.elf.dir/Drivers/STM32F4xx_HAL_Driver/Src/stm32f4xx_ll_adc.c.obj
LOAD CMakeFiles/CableMeasure.elf.dir/User/display.c.obj
LOAD CMakeFiles/CableMeasure.elf.dir/User/getC.c.obj
LOAD CMakeFiles/CableMeasure.elf.dir/User/getL.c.obj
LOAD CMakeFiles/CableMeasure.elf.dir/User/getR.c.obj
LOAD CMakeFiles/CableMeasure.elf.dir/User/printf.c.obj
LOAD CMakeFiles/CableMeasure.elf.dir/User/tdc.c.obj
LOAD CMakeFiles/CableMeasure.elf.dir/User/tick.c.obj
LOAD CMakeFiles/CableMeasure.elf.dir/User/user.c.obj
START GROUP
LOAD d:/gnuarm~1/102021~1.10/bin/../lib/gcc/arm-none-eabi/10.3.1/thumb/v7e-m/nofp\libgcc.a
LOAD d:/gnuarm~1/102021~1.10/bin/../lib/gcc/arm-none-eabi/10.3.1/../../../../arm-none-eabi/lib/thumb/v7e-m/nofp\libg.a
LOAD d:/gnuarm~1/102021~1.10/bin/../lib/gcc/arm-none-eabi/10.3.1/../../../../arm-none-eabi/lib/thumb/v7e-m/nofp\libc.a
END GROUP
LOAD d:/gnuarm~1/102021~1.10/bin/../lib/gcc/arm-none-eabi/10.3.1/thumb/v7e-m/nofp/crtend.o
LOAD d:/gnuarm~1/102021~1.10/bin/../lib/gcc/arm-none-eabi/10.3.1/thumb/v7e-m/nofp/crtn.o
                0x20030000                _estack = (ORIGIN (RAM) + LENGTH (RAM))
                0x00000200                _Min_Heap_Size = 0x200
                0x00000400                _Min_Stack_Size = 0x400

.isr_vector     0x08000000      0x1ac
                0x08000000                . = ALIGN (0x4)
 *(.isr_vector)
 .isr_vector    0x08000000      0x1ac CMakeFiles/CableMeasure.elf.dir/Core/Startup/startup_stm32f429zgtx.s.obj
                0x08000000                g_pfnVectors
                0x080001ac                . = ALIGN (0x4)

.text           0x080001c0     0x9d08
                0x080001c0                . = ALIGN (0x4)
 *(.text)
 .text          0x080001c0       0x40 d:/gnuarm~1/102021~1.10/bin/../lib/gcc/arm-none-eabi/10.3.1/thumb/v7e-m/nofp/crtbegin.o
 .text          0x08000200      0x378 d:/gnuarm~1/102021~1.10/bin/../lib/gcc/arm-none-eabi/10.3.1/thumb/v7e-m/nofp\libgcc.a(_arm_addsubdf3.o)
                0x08000200                __aeabi_drsub
                0x08000208                __aeabi_dsub
                0x08000208                __subdf3
                0x0800020c                __aeabi_dadd
                0x0800020c                __adddf3
                0x08000484                __floatunsidf
                0x08000484                __aeabi_ui2d
                0x080004a4                __floatsidf
                0x080004a4                __aeabi_i2d
                0x080004c8                __aeabi_f2d
                0x080004c8                __extendsfdf2
                0x0800050c                __floatundidf
                0x0800050c                __aeabi_ul2d
                0x0800051c                __floatdidf
                0x0800051c                __aeabi_l2d
 .text          0x08000578      0x424 d:/gnuarm~1/102021~1.10/bin/../lib/gcc/arm-none-eabi/10.3.1/thumb/v7e-m/nofp\libgcc.a(_arm_muldivdf3.o)
                0x08000578                __aeabi_dmul
                0x08000578                __muldf3
                0x080007cc                __divdf3
                0x080007cc                __aeabi_ddiv
 .text          0x0800099c       0x40 d:/gnuarm~1/102021~1.10/bin/../lib/gcc/arm-none-eabi/10.3.1/thumb/v7e-m/nofp\libgcc.a(_arm_fixunsdfsi.o)
                0x0800099c                __aeabi_d2uiz
                0x0800099c                __fixunsdfsi
 .text          0x080009dc       0xa0 d:/gnuarm~1/102021~1.10/bin/../lib/gcc/arm-none-eabi/10.3.1/thumb/v7e-m/nofp\libgcc.a(_arm_truncdfsf2.o)
                0x080009dc                __truncdfsf2
                0x080009dc                __aeabi_d2f
 .text          0x08000a7c      0x21c d:/gnuarm~1/102021~1.10/bin/../lib/gcc/arm-none-eabi/10.3.1/thumb/v7e-m/nofp\libgcc.a(_arm_addsubsf3.o)
                0x08000a7c                __aeabi_frsub
                0x08000a84                __subsf3
                0x08000a84                __aeabi_fsub
                0x08000a88                __aeabi_fadd
                0x08000a88                __addsf3
                0x08000be8                __aeabi_ui2f
                0x08000be8                __floatunsisf
                0x08000bf0                __aeabi_i2f
                0x08000bf0                __floatsisf
                0x08000c0c                __aeabi_ul2f
                0x08000c0c                __floatundisf
                0x08000c1c                __aeabi_l2f
                0x08000c1c                __floatdisf
 .text          0x08000c98      0x2a0 d:/gnuarm~1/102021~1.10/bin/../lib/gcc/arm-none-eabi/10.3.1/thumb/v7e-m/nofp\libgcc.a(_arm_muldivsf3.o)
                0x08000c98                __mulsf3
                0x08000c98                __aeabi_fmul
                0x08000e00                __aeabi_fdiv
                0x08000e00                __divsf3
 .text          0x08000f38       0xec d:/gnuarm~1/102021~1.10/bin/../lib/gcc/arm-none-eabi/10.3.1/thumb/v7e-m/nofp\libgcc.a(_arm_cmpsf2.o)
                0x08000f38                __gesf2
                0x08000f38                __gtsf2
                0x08000f40                __lesf2
                0x08000f40                __ltsf2
                0x08000f48                __nesf2
                0x08000f48                __eqsf2
                0x08000f48                __cmpsf2
                0x08000fa8                __aeabi_cfrcmple
                0x08000fb0                __aeabi_cfcmpeq
                0x08000fb0                __aeabi_cfcmple
                0x08000fc0                __aeabi_fcmpeq
                0x08000fd4                __aeabi_fcmplt
                0x08000fe8                __aeabi_fcmple
                0x08000ffc                __aeabi_fcmpge
                0x08001010                __aeabi_fcmpgt
 .text          0x08001024       0x40 d:/gnuarm~1/102021~1.10/bin/../lib/gcc/arm-none-eabi/10.3.1/thumb/v7e-m/nofp\libgcc.a(_arm_fixunssfsi.o)
                0x08001024                __fixunssfsi
                0x08001024                __aeabi_f2uiz
 .text          0x08001064       0x30 d:/gnuarm~1/102021~1.10/bin/../lib/gcc/arm-none-eabi/10.3.1/thumb/v7e-m/nofp\libgcc.a(_aeabi_uldivmod.o)
                0x08001064                __aeabi_uldivmod
 .text          0x08001094      0x2d0 d:/gnuarm~1/102021~1.10/bin/../lib/gcc/arm-none-eabi/10.3.1/thumb/v7e-m/nofp\libgcc.a(_udivmoddi4.o)
                0x08001094                __udivmoddi4
 .text          0x08001364        0x4 d:/gnuarm~1/102021~1.10/bin/../lib/gcc/arm-none-eabi/10.3.1/thumb/v7e-m/nofp\libgcc.a(_dvmd_tls.o)
                0x08001364                __aeabi_idiv0
                0x08001364                __aeabi_ldiv0
 *fill*         0x08001368       0x18 
 .text          0x08001380       0xdc d:/gnuarm~1/102021~1.10/bin/../lib/gcc/arm-none-eabi/10.3.1/../../../../arm-none-eabi/lib/thumb/v7e-m/nofp\libg.a(lib_a-strlen.o)
                0x08001380                strlen
 *fill*         0x0800145c        0x4 
 .text          0x08001460       0xa0 d:/gnuarm~1/102021~1.10/bin/../lib/gcc/arm-none-eabi/10.3.1/../../../../arm-none-eabi/lib/thumb/v7e-m/nofp\libg.a(lib_a-memchr.o)
                0x08001460                memchr
 .text          0x08001500      0x134 d:/gnuarm~1/102021~1.10/bin/../lib/gcc/arm-none-eabi/10.3.1/../../../../arm-none-eabi/lib/thumb/v7e-m/nofp\libg.a(lib_a-memcpy.o)
                0x08001500                memcpy
 .text          0x08001634      0x110 d:/gnuarm~1/102021~1.10/bin/../lib/gcc/arm-none-eabi/10.3.1/thumb/v7e-m/nofp\libgcc.a(_arm_cmpdf2.o)
                0x08001634                __gtdf2
                0x08001634                __gedf2
                0x0800163c                __ltdf2
                0x0800163c                __ledf2
                0x08001644                __nedf2
                0x08001644                __eqdf2
                0x08001644                __cmpdf2
                0x080016c0                __aeabi_cdrcmple
                0x080016d0                __aeabi_cdcmpeq
                0x080016d0                __aeabi_cdcmple
                0x080016e0                __aeabi_dcmpeq
                0x080016f4                __aeabi_dcmplt
                0x08001708                __aeabi_dcmple
                0x0800171c                __aeabi_dcmpge
                0x08001730                __aeabi_dcmpgt
 .text          0x08001744       0x2c d:/gnuarm~1/102021~1.10/bin/../lib/gcc/arm-none-eabi/10.3.1/thumb/v7e-m/nofp\libgcc.a(_arm_unorddf2.o)
                0x08001744                __unorddf2
                0x08001744                __aeabi_dcmpun
 .text          0x08001770       0x50 d:/gnuarm~1/102021~1.10/bin/../lib/gcc/arm-none-eabi/10.3.1/thumb/v7e-m/nofp\libgcc.a(_arm_fixdfsi.o)
                0x08001770                __aeabi_d2iz
                0x08001770                __fixdfsi
 *(.text*)
 .text.MX_ADC1_Init
                0x080017c0       0x70 CMakeFiles/CableMeasure.elf.dir/Core/Src/adc.c.obj
                0x080017c0                MX_ADC1_Init
 .text.HAL_ADC_MspInit
                0x08001830       0x68 CMakeFiles/CableMeasure.elf.dir/Core/Src/adc.c.obj
                0x08001830                HAL_ADC_MspInit
 .text.MX_GPIO_Init
                0x08001898      0x1a4 CMakeFiles/CableMeasure.elf.dir/Core/Src/gpio.c.obj
                0x08001898                MX_GPIO_Init
 .text.Error_Handler
                0x08001a3c        0x4 CMakeFiles/CableMeasure.elf.dir/Core/Src/main.c.obj
                0x08001a3c                Error_Handler
 .text.SystemClock_Config
                0x08001a40       0xb0 CMakeFiles/CableMeasure.elf.dir/Core/Src/main.c.obj
                0x08001a40                SystemClock_Config
 .text.main     0x08001af0       0x28 CMakeFiles/CableMeasure.elf.dir/Core/Src/main.c.obj
                0x08001af0                main
 .text.HAL_MspInit
                0x08001b18       0x38 CMakeFiles/CableMeasure.elf.dir/Core/Src/stm32f4xx_hal_msp.c.obj
                0x08001b18                HAL_MspInit
 .text.NMI_Handler
                0x08001b50        0x2 CMakeFiles/CableMeasure.elf.dir/Core/Src/stm32f4xx_it.c.obj
                0x08001b50                NMI_Handler
 .text.HardFault_Handler
                0x08001b52        0x2 CMakeFiles/CableMeasure.elf.dir/Core/Src/stm32f4xx_it.c.obj
                0x08001b52                HardFault_Handler
 .text.MemManage_Handler
                0x08001b54        0x2 CMakeFiles/CableMeasure.elf.dir/Core/Src/stm32f4xx_it.c.obj
                0x08001b54                MemManage_Handler
 .text.BusFault_Handler
                0x08001b56        0x2 CMakeFiles/CableMeasure.elf.dir/Core/Src/stm32f4xx_it.c.obj
                0x08001b56                BusFault_Handler
 .text.UsageFault_Handler
                0x08001b58        0x2 CMakeFiles/CableMeasure.elf.dir/Core/Src/stm32f4xx_it.c.obj
                0x08001b58                UsageFault_Handler
 .text.SVC_Handler
                0x08001b5a        0x2 CMakeFiles/CableMeasure.elf.dir/Core/Src/stm32f4xx_it.c.obj
                0x08001b5a                SVC_Handler
 .text.DebugMon_Handler
                0x08001b5c        0x2 CMakeFiles/CableMeasure.elf.dir/Core/Src/stm32f4xx_it.c.obj
                0x08001b5c                DebugMon_Handler
 .text.PendSV_Handler
                0x08001b5e        0x2 CMakeFiles/CableMeasure.elf.dir/Core/Src/stm32f4xx_it.c.obj
                0x08001b5e                PendSV_Handler
 .text.SysTick_Handler
                0x08001b60        0x8 CMakeFiles/CableMeasure.elf.dir/Core/Src/stm32f4xx_it.c.obj
                0x08001b60                SysTick_Handler
 .text.EXTI9_5_IRQHandler
                0x08001b68        0xc CMakeFiles/CableMeasure.elf.dir/Core/Src/stm32f4xx_it.c.obj
                0x08001b68                EXTI9_5_IRQHandler
 .text._getpid  0x08001b74        0x4 CMakeFiles/CableMeasure.elf.dir/Core/Src/syscalls.c.obj
                0x08001b74                _getpid
 .text._kill    0x08001b78       0x10 CMakeFiles/CableMeasure.elf.dir/Core/Src/syscalls.c.obj
                0x08001b78                _kill
 .text._exit    0x08001b88        0xc CMakeFiles/CableMeasure.elf.dir/Core/Src/syscalls.c.obj
                0x08001b88                _exit
 .text._read    0x08001b94       0x20 CMakeFiles/CableMeasure.elf.dir/Core/Src/syscalls.c.obj
                0x08001b94                _read
 .text._write   0x08001bb4       0x1c CMakeFiles/CableMeasure.elf.dir/Core/Src/syscalls.c.obj
                0x08001bb4                _write
 .text._close   0x08001bd0        0x6 CMakeFiles/CableMeasure.elf.dir/Core/Src/syscalls.c.obj
                0x08001bd0                _close
 .text._fstat   0x08001bd6        0xa CMakeFiles/CableMeasure.elf.dir/Core/Src/syscalls.c.obj
                0x08001bd6                _fstat
 .text._isatty  0x08001be0        0x4 CMakeFiles/CableMeasure.elf.dir/Core/Src/syscalls.c.obj
                0x08001be0                _isatty
 .text._lseek   0x08001be4        0x4 CMakeFiles/CableMeasure.elf.dir/Core/Src/syscalls.c.obj
                0x08001be4                _lseek
 .text._sbrk    0x08001be8       0x48 CMakeFiles/CableMeasure.elf.dir/Core/Src/sysmem.c.obj
                0x08001be8                _sbrk
 .text.SystemInit
                0x08001c30        0x2 CMakeFiles/CableMeasure.elf.dir/Core/Src/system_stm32f4xx.c.obj
                0x08001c30                SystemInit
 *fill*         0x08001c32        0x2 
 .text.MX_TIM2_Init
                0x08001c34       0x6c CMakeFiles/CableMeasure.elf.dir/Core/Src/tim.c.obj
                0x08001c34                MX_TIM2_Init
 .text.HAL_TIM_Base_MspInit
                0x08001ca0       0x2c CMakeFiles/CableMeasure.elf.dir/Core/Src/tim.c.obj
                0x08001ca0                HAL_TIM_Base_MspInit
 .text.MX_USART1_UART_Init
                0x08001ccc       0x34 CMakeFiles/CableMeasure.elf.dir/Core/Src/usart.c.obj
                0x08001ccc                MX_USART1_UART_Init
 .text.MX_USART3_UART_Init
                0x08001d00       0x34 CMakeFiles/CableMeasure.elf.dir/Core/Src/usart.c.obj
                0x08001d00                MX_USART3_UART_Init
 .text.HAL_UART_MspInit
                0x08001d34       0xc8 CMakeFiles/CableMeasure.elf.dir/Core/Src/usart.c.obj
                0x08001d34                HAL_UART_MspInit
 .text.Reset_Handler
                0x08001dfc       0x50 CMakeFiles/CableMeasure.elf.dir/Core/Startup/startup_stm32f429zgtx.s.obj
                0x08001dfc                Reset_Handler
 .text.Default_Handler
                0x08001e4c        0x2 CMakeFiles/CableMeasure.elf.dir/Core/Startup/startup_stm32f429zgtx.s.obj
                0x08001e4c                RTC_Alarm_IRQHandler
                0x08001e4c                HASH_RNG_IRQHandler
                0x08001e4c                EXTI2_IRQHandler
                0x08001e4c                TIM8_CC_IRQHandler
                0x08001e4c                UART8_IRQHandler
                0x08001e4c                SPI4_IRQHandler
                0x08001e4c                TIM1_CC_IRQHandler
                0x08001e4c                DMA2_Stream5_IRQHandler
                0x08001e4c                DMA1_Stream5_IRQHandler
                0x08001e4c                PVD_IRQHandler
                0x08001e4c                SDIO_IRQHandler
                0x08001e4c                TAMP_STAMP_IRQHandler
                0x08001e4c                CAN2_RX1_IRQHandler
                0x08001e4c                EXTI3_IRQHandler
                0x08001e4c                TIM8_TRG_COM_TIM14_IRQHandler
                0x08001e4c                TIM1_UP_TIM10_IRQHandler
                0x08001e4c                TIM8_UP_TIM13_IRQHandler
                0x08001e4c                I2C3_ER_IRQHandler
                0x08001e4c                EXTI0_IRQHandler
                0x08001e4c                I2C2_EV_IRQHandler
                0x08001e4c                DMA1_Stream2_IRQHandler
                0x08001e4c                CAN1_RX0_IRQHandler
                0x08001e4c                FPU_IRQHandler
                0x08001e4c                OTG_HS_WKUP_IRQHandler
                0x08001e4c                LTDC_ER_IRQHandler
                0x08001e4c                CAN2_SCE_IRQHandler
                0x08001e4c                DMA2_Stream2_IRQHandler
                0x08001e4c                SPI1_IRQHandler
                0x08001e4c                TIM6_DAC_IRQHandler
                0x08001e4c                TIM1_BRK_TIM9_IRQHandler
                0x08001e4c                DCMI_IRQHandler
                0x08001e4c                CAN2_RX0_IRQHandler
                0x08001e4c                DMA2_Stream3_IRQHandler
                0x08001e4c                USART6_IRQHandler
                0x08001e4c                USART3_IRQHandler
                0x08001e4c                CAN1_RX1_IRQHandler
                0x08001e4c                UART5_IRQHandler
                0x08001e4c                DMA2_Stream0_IRQHandler
                0x08001e4c                TIM4_IRQHandler
                0x08001e4c                I2C1_EV_IRQHandler
                0x08001e4c                DMA1_Stream6_IRQHandler
                0x08001e4c                DMA1_Stream1_IRQHandler
                0x08001e4c                UART4_IRQHandler
                0x08001e4c                TIM3_IRQHandler
                0x08001e4c                RCC_IRQHandler
                0x08001e4c                TIM8_BRK_TIM12_IRQHandler
                0x08001e4c                Default_Handler
                0x08001e4c                EXTI15_10_IRQHandler
                0x08001e4c                ADC_IRQHandler
                0x08001e4c                DMA1_Stream7_IRQHandler
                0x08001e4c                SPI5_IRQHandler
                0x08001e4c                TIM7_IRQHandler
                0x08001e4c                CAN2_TX_IRQHandler
                0x08001e4c                TIM5_IRQHandler
                0x08001e4c                DMA2_Stream7_IRQHandler
                0x08001e4c                I2C3_EV_IRQHandler
                0x08001e4c                RTC_WKUP_IRQHandler
                0x08001e4c                LTDC_IRQHandler
                0x08001e4c                ETH_WKUP_IRQHandler
                0x08001e4c                SPI2_IRQHandler
                0x08001e4c                OTG_HS_EP1_IN_IRQHandler
                0x08001e4c                DMA1_Stream0_IRQHandler
                0x08001e4c                CAN1_TX_IRQHandler
                0x08001e4c                EXTI4_IRQHandler
                0x08001e4c                ETH_IRQHandler
                0x08001e4c                OTG_HS_EP1_OUT_IRQHandler
                0x08001e4c                WWDG_IRQHandler
                0x08001e4c                SPI6_IRQHandler
                0x08001e4c                TIM2_IRQHandler
                0x08001e4c                OTG_FS_WKUP_IRQHandler
                0x08001e4c                TIM1_TRG_COM_TIM11_IRQHandler
                0x08001e4c                OTG_HS_IRQHandler
                0x08001e4c                DMA2D_IRQHandler
                0x08001e4c                EXTI1_IRQHandler
                0x08001e4c                UART7_IRQHandler
                0x08001e4c                USART2_IRQHandler
                0x08001e4c                I2C2_ER_IRQHandler
                0x08001e4c                DMA2_Stream1_IRQHandler
                0x08001e4c                CAN1_SCE_IRQHandler
                0x08001e4c                FLASH_IRQHandler
                0x08001e4c                DMA2_Stream4_IRQHandler
                0x08001e4c                USART1_IRQHandler
                0x08001e4c                OTG_FS_IRQHandler
                0x08001e4c                SPI3_IRQHandler
                0x08001e4c                DMA1_Stream4_IRQHandler
                0x08001e4c                I2C1_ER_IRQHandler
                0x08001e4c                FMC_IRQHandler
                0x08001e4c                DMA2_Stream6_IRQHandler
                0x08001e4c                SAI1_IRQHandler
                0x08001e4c                DMA1_Stream3_IRQHandler
 *fill*         0x08001e4e        0x2 
 .text.HAL_InitTick
                0x08001e50       0x4c CMakeFiles/CableMeasure.elf.dir/Drivers/STM32F4xx_HAL_Driver/Src/stm32f4xx_hal.c.obj
                0x08001e50                HAL_InitTick
 .text.HAL_Init
                0x08001e9c       0x34 CMakeFiles/CableMeasure.elf.dir/Drivers/STM32F4xx_HAL_Driver/Src/stm32f4xx_hal.c.obj
                0x08001e9c                HAL_Init
 .text.HAL_IncTick
                0x08001ed0       0x18 CMakeFiles/CableMeasure.elf.dir/Drivers/STM32F4xx_HAL_Driver/Src/stm32f4xx_hal.c.obj
                0x08001ed0                HAL_IncTick
 .text.HAL_GetTick
                0x08001ee8        0xc CMakeFiles/CableMeasure.elf.dir/Drivers/STM32F4xx_HAL_Driver/Src/stm32f4xx_hal.c.obj
                0x08001ee8                HAL_GetTick
 .text.HAL_Delay
                0x08001ef4       0x28 CMakeFiles/CableMeasure.elf.dir/Drivers/STM32F4xx_HAL_Driver/Src/stm32f4xx_hal.c.obj
                0x08001ef4                HAL_Delay
 .text.ADC_Init
                0x08001f1c      0x134 CMakeFiles/CableMeasure.elf.dir/Drivers/STM32F4xx_HAL_Driver/Src/stm32f4xx_hal_adc.c.obj
 .text.HAL_ADC_Init
                0x08002050       0x56 CMakeFiles/CableMeasure.elf.dir/Drivers/STM32F4xx_HAL_Driver/Src/stm32f4xx_hal_adc.c.obj
                0x08002050                HAL_ADC_Init
 *fill*         0x080020a6        0x2 
 .text.HAL_ADC_Start
                0x080020a8      0x144 CMakeFiles/CableMeasure.elf.dir/Drivers/STM32F4xx_HAL_Driver/Src/stm32f4xx_hal_adc.c.obj
                0x080020a8                HAL_ADC_Start
 .text.HAL_ADC_PollForConversion
                0x080021ec       0xb8 CMakeFiles/CableMeasure.elf.dir/Drivers/STM32F4xx_HAL_Driver/Src/stm32f4xx_hal_adc.c.obj
                0x080021ec                HAL_ADC_PollForConversion
 .text.HAL_ADC_GetValue
                0x080022a4        0x6 CMakeFiles/CableMeasure.elf.dir/Drivers/STM32F4xx_HAL_Driver/Src/stm32f4xx_hal_adc.c.obj
                0x080022a4                HAL_ADC_GetValue
 *fill*         0x080022aa        0x2 
 .text.HAL_ADC_ConfigChannel
                0x080022ac      0x1ac CMakeFiles/CableMeasure.elf.dir/Drivers/STM32F4xx_HAL_Driver/Src/stm32f4xx_hal_adc.c.obj
                0x080022ac                HAL_ADC_ConfigChannel
 .text.HAL_ADC_GetState
                0x08002458        0x4 CMakeFiles/CableMeasure.elf.dir/Drivers/STM32F4xx_HAL_Driver/Src/stm32f4xx_hal_adc.c.obj
                0x08002458                HAL_ADC_GetState
 .text.HAL_NVIC_SetPriorityGrouping
                0x0800245c       0x24 CMakeFiles/CableMeasure.elf.dir/Drivers/STM32F4xx_HAL_Driver/Src/stm32f4xx_hal_cortex.c.obj
                0x0800245c                HAL_NVIC_SetPriorityGrouping
 .text.HAL_NVIC_SetPriority
                0x08002480       0x70 CMakeFiles/CableMeasure.elf.dir/Drivers/STM32F4xx_HAL_Driver/Src/stm32f4xx_hal_cortex.c.obj
                0x08002480                HAL_NVIC_SetPriority
 .text.HAL_NVIC_EnableIRQ
                0x080024f0       0x1c CMakeFiles/CableMeasure.elf.dir/Drivers/STM32F4xx_HAL_Driver/Src/stm32f4xx_hal_cortex.c.obj
                0x080024f0                HAL_NVIC_EnableIRQ
 .text.HAL_SYSTICK_Config
                0x0800250c       0x28 CMakeFiles/CableMeasure.elf.dir/Drivers/STM32F4xx_HAL_Driver/Src/stm32f4xx_hal_cortex.c.obj
                0x0800250c                HAL_SYSTICK_Config
 .text.HAL_GPIO_Init
                0x08002534      0x1fc CMakeFiles/CableMeasure.elf.dir/Drivers/STM32F4xx_HAL_Driver/Src/stm32f4xx_hal_gpio.c.obj
                0x08002534                HAL_GPIO_Init
 .text.HAL_GPIO_ReadPin
                0x08002730        0xe CMakeFiles/CableMeasure.elf.dir/Drivers/STM32F4xx_HAL_Driver/Src/stm32f4xx_hal_gpio.c.obj
                0x08002730                HAL_GPIO_ReadPin
 .text.HAL_GPIO_WritePin
                0x0800273e        0xc CMakeFiles/CableMeasure.elf.dir/Drivers/STM32F4xx_HAL_Driver/Src/stm32f4xx_hal_gpio.c.obj
                0x0800273e                HAL_GPIO_WritePin
 *fill*         0x0800274a        0x2 
 .text.HAL_GPIO_EXTI_IRQHandler
                0x0800274c       0x1c CMakeFiles/CableMeasure.elf.dir/Drivers/STM32F4xx_HAL_Driver/Src/stm32f4xx_hal_gpio.c.obj
                0x0800274c                HAL_GPIO_EXTI_IRQHandler
 .text.HAL_PWREx_EnableOverDrive
                0x08002768       0x7c CMakeFiles/CableMeasure.elf.dir/Drivers/STM32F4xx_HAL_Driver/Src/stm32f4xx_hal_pwr_ex.c.obj
                0x08002768                HAL_PWREx_EnableOverDrive
 .text.HAL_RCC_OscConfig
                0x080027e4      0x3f8 CMakeFiles/CableMeasure.elf.dir/Drivers/STM32F4xx_HAL_Driver/Src/stm32f4xx_hal_rcc.c.obj
                0x080027e4                HAL_RCC_OscConfig
 .text.HAL_RCC_GetSysClockFreq
                0x08002bdc       0xa4 CMakeFiles/CableMeasure.elf.dir/Drivers/STM32F4xx_HAL_Driver/Src/stm32f4xx_hal_rcc.c.obj
                0x08002bdc                HAL_RCC_GetSysClockFreq
 .text.HAL_RCC_ClockConfig
                0x08002c80      0x160 CMakeFiles/CableMeasure.elf.dir/Drivers/STM32F4xx_HAL_Driver/Src/stm32f4xx_hal_rcc.c.obj
                0x08002c80                HAL_RCC_ClockConfig
 .text.HAL_RCC_GetHCLKFreq
                0x08002de0        0xc CMakeFiles/CableMeasure.elf.dir/Drivers/STM32F4xx_HAL_Driver/Src/stm32f4xx_hal_rcc.c.obj
                0x08002de0                HAL_RCC_GetHCLKFreq
 .text.HAL_RCC_GetPCLK1Freq
                0x08002dec       0x20 CMakeFiles/CableMeasure.elf.dir/Drivers/STM32F4xx_HAL_Driver/Src/stm32f4xx_hal_rcc.c.obj
                0x08002dec                HAL_RCC_GetPCLK1Freq
 .text.HAL_RCC_GetPCLK2Freq
                0x08002e0c       0x20 CMakeFiles/CableMeasure.elf.dir/Drivers/STM32F4xx_HAL_Driver/Src/stm32f4xx_hal_rcc.c.obj
                0x08002e0c                HAL_RCC_GetPCLK2Freq
 .text.TIM_TI1_ConfigInputStage
                0x08002e2c       0x24 CMakeFiles/CableMeasure.elf.dir/Drivers/STM32F4xx_HAL_Driver/Src/stm32f4xx_hal_tim.c.obj
 .text.TIM_TI2_ConfigInputStage
                0x08002e50       0x26 CMakeFiles/CableMeasure.elf.dir/Drivers/STM32F4xx_HAL_Driver/Src/stm32f4xx_hal_tim.c.obj
 .text.TIM_ITRx_SetConfig
                0x08002e76       0x10 CMakeFiles/CableMeasure.elf.dir/Drivers/STM32F4xx_HAL_Driver/Src/stm32f4xx_hal_tim.c.obj
 *fill*         0x08002e86        0x2 
 .text.TIM_Base_SetConfig
                0x08002e88       0xc8 CMakeFiles/CableMeasure.elf.dir/Drivers/STM32F4xx_HAL_Driver/Src/stm32f4xx_hal_tim.c.obj
                0x08002e88                TIM_Base_SetConfig
 .text.HAL_TIM_Base_Init
                0x08002f50       0x58 CMakeFiles/CableMeasure.elf.dir/Drivers/STM32F4xx_HAL_Driver/Src/stm32f4xx_hal_tim.c.obj
                0x08002f50                HAL_TIM_Base_Init
 .text.TIM_ETR_SetConfig
                0x08002fa8       0x18 CMakeFiles/CableMeasure.elf.dir/Drivers/STM32F4xx_HAL_Driver/Src/stm32f4xx_hal_tim.c.obj
                0x08002fa8                TIM_ETR_SetConfig
 .text.HAL_TIM_ConfigClockSource
                0x08002fc0       0xfe CMakeFiles/CableMeasure.elf.dir/Drivers/STM32F4xx_HAL_Driver/Src/stm32f4xx_hal_tim.c.obj
                0x08002fc0                HAL_TIM_ConfigClockSource
 *fill*         0x080030be        0x2 
 .text.HAL_TIMEx_MasterConfigSynchronization
                0x080030c0       0x8c CMakeFiles/CableMeasure.elf.dir/Drivers/STM32F4xx_HAL_Driver/Src/stm32f4xx_hal_tim_ex.c.obj
                0x080030c0                HAL_TIMEx_MasterConfigSynchronization
 .text.UART_SetConfig
                0x0800314c      0x110 CMakeFiles/CableMeasure.elf.dir/Drivers/STM32F4xx_HAL_Driver/Src/stm32f4xx_hal_uart.c.obj
 .text.UART_WaitOnFlagUntilTimeout
                0x0800325c       0x88 CMakeFiles/CableMeasure.elf.dir/Drivers/STM32F4xx_HAL_Driver/Src/stm32f4xx_hal_uart.c.obj
 .text.HAL_UART_Init
                0x080032e4       0x5e CMakeFiles/CableMeasure.elf.dir/Drivers/STM32F4xx_HAL_Driver/Src/stm32f4xx_hal_uart.c.obj
                0x080032e4                HAL_UART_Init
 .text.HAL_UART_Transmit
                0x08003342       0xd8 CMakeFiles/CableMeasure.elf.dir/Drivers/STM32F4xx_HAL_Driver/Src/stm32f4xx_hal_uart.c.obj
                0x08003342                HAL_UART_Transmit
 .text.HAL_UART_Receive
                0x0800341a       0xe4 CMakeFiles/CableMeasure.elf.dir/Drivers/STM32F4xx_HAL_Driver/Src/stm32f4xx_hal_uart.c.obj
                0x0800341a                HAL_UART_Receive
 *fill*         0x080034fe        0x2 
 .text.UART_write
                0x08003500       0x1c CMakeFiles/CableMeasure.elf.dir/User/display.c.obj
                0x08003500                UART_write
 .text.UART_read
                0x0800351c       0x28 CMakeFiles/CableMeasure.elf.dir/User/display.c.obj
                0x0800351c                UART_read
 .text.show     0x08003544       0x20 CMakeFiles/CableMeasure.elf.dir/User/display.c.obj
                0x08003544                show
 .text.push     0x08003564       0x64 CMakeFiles/CableMeasure.elf.dir/User/getC.c.obj
                0x08003564                push
 .text.HAL_GPIO_EXTI_Callback
                0x080035c8       0x64 CMakeFiles/CableMeasure.elf.dir/User/getC.c.obj
                0x080035c8                HAL_GPIO_EXTI_Callback
 *fill*         0x0800362c        0x4 
 .text.getF     0x08003630       0x58 CMakeFiles/CableMeasure.elf.dir/User/getC.c.obj
                0x08003630                getF
 .text.getC     0x08003688       0x68 CMakeFiles/CableMeasure.elf.dir/User/getC.c.obj
                0x08003688                getC
 .text.getTDC   0x080036f0       0x22 CMakeFiles/CableMeasure.elf.dir/User/getL.c.obj
                0x080036f0                getTDC
 *fill*         0x08003712        0x6 
 .text.getL     0x08003718       0xe8 CMakeFiles/CableMeasure.elf.dir/User/getL.c.obj
                0x08003718                getL
 .text.getADC   0x08003800       0x30 CMakeFiles/CableMeasure.elf.dir/User/getR.c.obj
                0x08003800                getADC
 .text.getV     0x08003830       0x68 CMakeFiles/CableMeasure.elf.dir/User/getR.c.obj
                0x08003830                getV
 .text.getR     0x08003898       0x58 CMakeFiles/CableMeasure.elf.dir/User/getR.c.obj
                0x08003898                getR
 .text.getBaseR
                0x080038f0       0x30 CMakeFiles/CableMeasure.elf.dir/User/getR.c.obj
                0x080038f0                getBaseR
 .text.UART_printf
                0x08003920       0x38 CMakeFiles/CableMeasure.elf.dir/User/printf.c.obj
                0x08003920                UART_printf
 .text.delay    0x08003958       0x1e CMakeFiles/CableMeasure.elf.dir/User/tdc.c.obj
                0x08003958                delay
 *fill*         0x08003976        0x2 
 .text.send1    0x08003978       0x40 CMakeFiles/CableMeasure.elf.dir/User/tdc.c.obj
                0x08003978                send1
 .text.send0    0x080039b8       0x40 CMakeFiles/CableMeasure.elf.dir/User/tdc.c.obj
                0x080039b8                send0
 .text.write8   0x080039f8       0x38 CMakeFiles/CableMeasure.elf.dir/User/tdc.c.obj
                0x080039f8                write8
 .text.write32  0x08003a30       0x48 CMakeFiles/CableMeasure.elf.dir/User/tdc.c.obj
                0x08003a30                write32
 .text.read32   0x08003a78       0x78 CMakeFiles/CableMeasure.elf.dir/User/tdc.c.obj
                0x08003a78                read32
 .text.reset    0x08003af0       0x3c CMakeFiles/CableMeasure.elf.dir/User/tdc.c.obj
                0x08003af0                reset
 .text.TDC_Init
                0x08003b2c       0x90 CMakeFiles/CableMeasure.elf.dir/User/tdc.c.obj
                0x08003b2c                TDC_Init
 .text.fixed2float
                0x08003bbc       0x24 CMakeFiles/CableMeasure.elf.dir/User/tdc.c.obj
                0x08003bbc                fixed2float
 .text.TDC_to_ns
                0x08003be0       0x28 CMakeFiles/CableMeasure.elf.dir/User/tdc.c.obj
                0x08003be0                TDC_to_ns
 .text.TDC_Measure
                0x08003c08       0x80 CMakeFiles/CableMeasure.elf.dir/User/tdc.c.obj
                0x08003c08                TDC_Measure
 .text.Tick_Init
                0x08003c88       0x24 CMakeFiles/CableMeasure.elf.dir/User/tick.c.obj
                0x08003c88                Tick_Init
 .text.Get_Tick
                0x08003cac        0xc CMakeFiles/CableMeasure.elf.dir/User/tick.c.obj
                0x08003cac                Get_Tick
 .text.Tick_Diff
                0x08003cb8       0x1a CMakeFiles/CableMeasure.elf.dir/User/tick.c.obj
                0x08003cb8                Tick_Diff
 *fill*         0x08003cd2        0x2 
 .text.switchX  0x08003cd4       0xa4 CMakeFiles/CableMeasure.elf.dir/User/user.c.obj
                0x08003cd4                switchX
 .text.handle1  0x08003d78       0x98 CMakeFiles/CableMeasure.elf.dir/User/user.c.obj
                0x08003d78                handle1
 .text.handle2  0x08003e10       0xf4 CMakeFiles/CableMeasure.elf.dir/User/user.c.obj
                0x08003e10                handle2
 .text.setup    0x08003f04       0x1c CMakeFiles/CableMeasure.elf.dir/User/user.c.obj
                0x08003f04                setup
 .text.loop     0x08003f20       0x58 CMakeFiles/CableMeasure.elf.dir/User/user.c.obj
                0x08003f20                loop
 .text.__errno  0x08003f78        0xc d:/gnuarm~1/102021~1.10/bin/../lib/gcc/arm-none-eabi/10.3.1/../../../../arm-none-eabi/lib/thumb/v7e-m/nofp\libg.a(lib_a-errno.o)
                0x08003f78                __errno
 .text.__libc_init_array
                0x08003f84       0x48 d:/gnuarm~1/102021~1.10/bin/../lib/gcc/arm-none-eabi/10.3.1/../../../../arm-none-eabi/lib/thumb/v7e-m/nofp\libg.a(lib_a-init.o)
                0x08003f84                __libc_init_array
 .text.memset   0x08003fcc       0xa4 d:/gnuarm~1/102021~1.10/bin/../lib/gcc/arm-none-eabi/10.3.1/../../../../arm-none-eabi/lib/thumb/v7e-m/nofp\libg.a(lib_a-memset.o)
                0x08003fcc                memset
 .text.sprintf  0x08004070       0x40 d:/gnuarm~1/102021~1.10/bin/../lib/gcc/arm-none-eabi/10.3.1/../../../../arm-none-eabi/lib/thumb/v7e-m/nofp\libg.a(lib_a-sprintf.o)
                0x08004070                sprintf
 .text._svfprintf_r
                0x080040b0     0x1a3c d:/gnuarm~1/102021~1.10/bin/../lib/gcc/arm-none-eabi/10.3.1/../../../../arm-none-eabi/lib/thumb/v7e-m/nofp\libg.a(lib_a-svfprintf.o)
                0x080040b0                _svfprintf_r
 .text.vsnprintf
                0x08005aec       0x70 d:/gnuarm~1/102021~1.10/bin/../lib/gcc/arm-none-eabi/10.3.1/../../../../arm-none-eabi/lib/thumb/v7e-m/nofp\libg.a(lib_a-vsnprintf.o)
                0x08005aec                vsnprintf
 .text.startup.register_fini
                0x08005b5c       0x14 d:/gnuarm~1/102021~1.10/bin/../lib/gcc/arm-none-eabi/10.3.1/../../../../arm-none-eabi/lib/thumb/v7e-m/nofp\libg.a(lib_a-__call_atexit.o)
 .text.atexit   0x08005b70        0xc d:/gnuarm~1/102021~1.10/bin/../lib/gcc/arm-none-eabi/10.3.1/../../../../arm-none-eabi/lib/thumb/v7e-m/nofp\libg.a(lib_a-atexit.o)
                0x08005b70                atexit
 .text.quorem   0x08005b7c      0x124 d:/gnuarm~1/102021~1.10/bin/../lib/gcc/arm-none-eabi/10.3.1/../../../../arm-none-eabi/lib/thumb/v7e-m/nofp\libg.a(lib_a-dtoa.o)
 .text._dtoa_r  0x08005ca0      0xec4 d:/gnuarm~1/102021~1.10/bin/../lib/gcc/arm-none-eabi/10.3.1/../../../../arm-none-eabi/lib/thumb/v7e-m/nofp\libg.a(lib_a-dtoa.o)
                0x08005ca0                _dtoa_r
 .text.__libc_fini_array
                0x08006b64       0x2c d:/gnuarm~1/102021~1.10/bin/../lib/gcc/arm-none-eabi/10.3.1/../../../../arm-none-eabi/lib/thumb/v7e-m/nofp\libg.a(lib_a-fini.o)
                0x08006b64                __libc_fini_array
 .text._malloc_trim_r
                0x08006b90       0xa0 d:/gnuarm~1/102021~1.10/bin/../lib/gcc/arm-none-eabi/10.3.1/../../../../arm-none-eabi/lib/thumb/v7e-m/nofp\libg.a(lib_a-freer.o)
                0x08006b90                _malloc_trim_r
 .text._free_r  0x08006c30      0x20c d:/gnuarm~1/102021~1.10/bin/../lib/gcc/arm-none-eabi/10.3.1/../../../../arm-none-eabi/lib/thumb/v7e-m/nofp\libg.a(lib_a-freer.o)
                0x08006c30                _free_r
 .text._localeconv_r
                0x08006e3c        0x8 d:/gnuarm~1/102021~1.10/bin/../lib/gcc/arm-none-eabi/10.3.1/../../../../arm-none-eabi/lib/thumb/v7e-m/nofp\libg.a(lib_a-localeconv.o)
                0x08006e3c                _localeconv_r
 .text.__retarget_lock_init_recursive
                0x08006e44        0x4 d:/gnuarm~1/102021~1.10/bin/../lib/gcc/arm-none-eabi/10.3.1/../../../../arm-none-eabi/lib/thumb/v7e-m/nofp\libg.a(lib_a-lock.o)
                0x08006e44                __retarget_lock_init_recursive
 .text.__retarget_lock_close_recursive
                0x08006e48        0x4 d:/gnuarm~1/102021~1.10/bin/../lib/gcc/arm-none-eabi/10.3.1/../../../../arm-none-eabi/lib/thumb/v7e-m/nofp\libg.a(lib_a-lock.o)
                0x08006e48                __retarget_lock_close_recursive
 .text.__retarget_lock_acquire_recursive
                0x08006e4c        0x4 d:/gnuarm~1/102021~1.10/bin/../lib/gcc/arm-none-eabi/10.3.1/../../../../arm-none-eabi/lib/thumb/v7e-m/nofp\libg.a(lib_a-lock.o)
                0x08006e4c                __retarget_lock_acquire_recursive
 .text.__retarget_lock_release_recursive
                0x08006e50        0x4 d:/gnuarm~1/102021~1.10/bin/../lib/gcc/arm-none-eabi/10.3.1/../../../../arm-none-eabi/lib/thumb/v7e-m/nofp\libg.a(lib_a-lock.o)
                0x08006e50                __retarget_lock_release_recursive
 .text._malloc_r
                0x08006e54      0x560 d:/gnuarm~1/102021~1.10/bin/../lib/gcc/arm-none-eabi/10.3.1/../../../../arm-none-eabi/lib/thumb/v7e-m/nofp\libg.a(lib_a-mallocr.o)
                0x08006e54                _malloc_r
 .text.__malloc_lock
                0x080073b4        0xc d:/gnuarm~1/102021~1.10/bin/../lib/gcc/arm-none-eabi/10.3.1/../../../../arm-none-eabi/lib/thumb/v7e-m/nofp\libg.a(lib_a-mlock.o)
                0x080073b4                __malloc_lock
 .text.__malloc_unlock
                0x080073c0        0xc d:/gnuarm~1/102021~1.10/bin/../lib/gcc/arm-none-eabi/10.3.1/../../../../arm-none-eabi/lib/thumb/v7e-m/nofp\libg.a(lib_a-mlock.o)
                0x080073c0                __malloc_unlock
 .text._Balloc  0x080073cc       0x4c d:/gnuarm~1/102021~1.10/bin/../lib/gcc/arm-none-eabi/10.3.1/../../../../arm-none-eabi/lib/thumb/v7e-m/nofp\libg.a(lib_a-mprec.o)
                0x080073cc                _Balloc
 .text._Bfree   0x08007418       0x14 d:/gnuarm~1/102021~1.10/bin/../lib/gcc/arm-none-eabi/10.3.1/../../../../arm-none-eabi/lib/thumb/v7e-m/nofp\libg.a(lib_a-mprec.o)
                0x08007418                _Bfree
 .text.__multadd
                0x0800742c       0xa0 d:/gnuarm~1/102021~1.10/bin/../lib/gcc/arm-none-eabi/10.3.1/../../../../arm-none-eabi/lib/thumb/v7e-m/nofp\libg.a(lib_a-mprec.o)
                0x0800742c                __multadd
 .text.__hi0bits
                0x080074cc       0x40 d:/gnuarm~1/102021~1.10/bin/../lib/gcc/arm-none-eabi/10.3.1/../../../../arm-none-eabi/lib/thumb/v7e-m/nofp\libg.a(lib_a-mprec.o)
                0x080074cc                __hi0bits
 .text.__lo0bits
                0x0800750c       0x5c d:/gnuarm~1/102021~1.10/bin/../lib/gcc/arm-none-eabi/10.3.1/../../../../arm-none-eabi/lib/thumb/v7e-m/nofp\libg.a(lib_a-mprec.o)
                0x0800750c                __lo0bits
 .text.__i2b    0x08007568       0x5c d:/gnuarm~1/102021~1.10/bin/../lib/gcc/arm-none-eabi/10.3.1/../../../../arm-none-eabi/lib/thumb/v7e-m/nofp\libg.a(lib_a-mprec.o)
                0x08007568                __i2b
 .text.__multiply
                0x080075c4      0x15c d:/gnuarm~1/102021~1.10/bin/../lib/gcc/arm-none-eabi/10.3.1/../../../../arm-none-eabi/lib/thumb/v7e-m/nofp\libg.a(lib_a-mprec.o)
                0x080075c4                __multiply
 .text.__pow5mult
                0x08007720       0xc0 d:/gnuarm~1/102021~1.10/bin/../lib/gcc/arm-none-eabi/10.3.1/../../../../arm-none-eabi/lib/thumb/v7e-m/nofp\libg.a(lib_a-mprec.o)
                0x08007720                __pow5mult
 .text.__lshift
                0x080077e0       0xf0 d:/gnuarm~1/102021~1.10/bin/../lib/gcc/arm-none-eabi/10.3.1/../../../../arm-none-eabi/lib/thumb/v7e-m/nofp\libg.a(lib_a-mprec.o)
                0x080077e0                __lshift
 .text.__mcmp   0x080078d0       0x40 d:/gnuarm~1/102021~1.10/bin/../lib/gcc/arm-none-eabi/10.3.1/../../../../arm-none-eabi/lib/thumb/v7e-m/nofp\libg.a(lib_a-mprec.o)
                0x080078d0                __mcmp
 .text.__mdiff  0x08007910      0x14c d:/gnuarm~1/102021~1.10/bin/../lib/gcc/arm-none-eabi/10.3.1/../../../../arm-none-eabi/lib/thumb/v7e-m/nofp\libg.a(lib_a-mprec.o)
                0x08007910                __mdiff
 .text.__d2b    0x08007a5c       0xc4 d:/gnuarm~1/102021~1.10/bin/../lib/gcc/arm-none-eabi/10.3.1/../../../../arm-none-eabi/lib/thumb/v7e-m/nofp\libg.a(lib_a-mprec.o)
                0x08007a5c                __d2b
 .text.frexp    0x08007b20       0x70 d:/gnuarm~1/102021~1.10/bin/../lib/gcc/arm-none-eabi/10.3.1/../../../../arm-none-eabi/lib/thumb/v7e-m/nofp\libg.a(lib_a-s_frexp.o)
                0x08007b20                frexp
 .text._sbrk_r  0x08007b90       0x24 d:/gnuarm~1/102021~1.10/bin/../lib/gcc/arm-none-eabi/10.3.1/../../../../arm-none-eabi/lib/thumb/v7e-m/nofp\libg.a(lib_a-sbrkr.o)
                0x08007b90                _sbrk_r
 .text.strncpy  0x08007bb4       0x64 d:/gnuarm~1/102021~1.10/bin/../lib/gcc/arm-none-eabi/10.3.1/../../../../arm-none-eabi/lib/thumb/v7e-m/nofp\libg.a(lib_a-strncpy.o)
                0x08007bb4                strncpy
 .text.__ssprint_r
                0x08007c18       0xf8 d:/gnuarm~1/102021~1.10/bin/../lib/gcc/arm-none-eabi/10.3.1/../../../../arm-none-eabi/lib/thumb/v7e-m/nofp\libg.a(lib_a-svfiprintf.o)
                0x08007c18                __ssprint_r
 .text.__register_exitproc
                0x08007d10       0x8c d:/gnuarm~1/102021~1.10/bin/../lib/gcc/arm-none-eabi/10.3.1/../../../../arm-none-eabi/lib/thumb/v7e-m/nofp\libg.a(lib_a-__atexit.o)
                0x08007d10                __register_exitproc
 .text.__assert_func
                0x08007d9c       0x40 d:/gnuarm~1/102021~1.10/bin/../lib/gcc/arm-none-eabi/10.3.1/../../../../arm-none-eabi/lib/thumb/v7e-m/nofp\libg.a(lib_a-assert.o)
                0x08007d9c                __assert_func
 .text._calloc_r
                0x08007ddc       0x78 d:/gnuarm~1/102021~1.10/bin/../lib/gcc/arm-none-eabi/10.3.1/../../../../arm-none-eabi/lib/thumb/v7e-m/nofp\libg.a(lib_a-callocr.o)
                0x08007ddc                _calloc_r
 .text.fiprintf
                0x08007e54       0x28 d:/gnuarm~1/102021~1.10/bin/../lib/gcc/arm-none-eabi/10.3.1/../../../../arm-none-eabi/lib/thumb/v7e-m/nofp\libg.a(lib_a-fiprintf.o)
                0x08007e54                fiprintf
 .text.__locale_mb_cur_max
                0x08007e7c        0xc d:/gnuarm~1/102021~1.10/bin/../lib/gcc/arm-none-eabi/10.3.1/../../../../arm-none-eabi/lib/thumb/v7e-m/nofp\libg.a(lib_a-locale.o)
                0x08007e7c                __locale_mb_cur_max
 .text.__ascii_mbtowc
                0x08007e88       0x2c d:/gnuarm~1/102021~1.10/bin/../lib/gcc/arm-none-eabi/10.3.1/../../../../arm-none-eabi/lib/thumb/v7e-m/nofp\libg.a(lib_a-mbtowc_r.o)
                0x08007e88                __ascii_mbtowc
 .text.memmove  0x08007eb4       0xf8 d:/gnuarm~1/102021~1.10/bin/../lib/gcc/arm-none-eabi/10.3.1/../../../../arm-none-eabi/lib/thumb/v7e-m/nofp\libg.a(lib_a-memmove.o)
                0x08007eb4                memmove
 .text._realloc_r
                0x08007fac      0x3d8 d:/gnuarm~1/102021~1.10/bin/../lib/gcc/arm-none-eabi/10.3.1/../../../../arm-none-eabi/lib/thumb/v7e-m/nofp\libg.a(lib_a-reallocr.o)
                0x08007fac                _realloc_r
 .text.__sprint_r.part.0
                0x08008384       0x78 d:/gnuarm~1/102021~1.10/bin/../lib/gcc/arm-none-eabi/10.3.1/../../../../arm-none-eabi/lib/thumb/v7e-m/nofp\libg.a(lib_a-vfiprintf.o)
 .text._vfiprintf_r
                0x080083fc      0xda0 d:/gnuarm~1/102021~1.10/bin/../lib/gcc/arm-none-eabi/10.3.1/../../../../arm-none-eabi/lib/thumb/v7e-m/nofp\libg.a(lib_a-vfiprintf.o)
                0x080083fc                _vfiprintf_r
 .text.__sbprintf
                0x0800919c       0x80 d:/gnuarm~1/102021~1.10/bin/../lib/gcc/arm-none-eabi/10.3.1/../../../../arm-none-eabi/lib/thumb/v7e-m/nofp\libg.a(lib_a-vfiprintf.o)
 .text.__ascii_wctomb
                0x0800921c       0x1c d:/gnuarm~1/102021~1.10/bin/../lib/gcc/arm-none-eabi/10.3.1/../../../../arm-none-eabi/lib/thumb/v7e-m/nofp\libg.a(lib_a-wctomb_r.o)
                0x0800921c                __ascii_wctomb
 .text.__swsetup_r
                0x08009238       0xd4 d:/gnuarm~1/102021~1.10/bin/../lib/gcc/arm-none-eabi/10.3.1/../../../../arm-none-eabi/lib/thumb/v7e-m/nofp\libg.a(lib_a-wsetup.o)
                0x08009238                __swsetup_r
 .text.abort    0x0800930c       0x10 d:/gnuarm~1/102021~1.10/bin/../lib/gcc/arm-none-eabi/10.3.1/../../../../arm-none-eabi/lib/thumb/v7e-m/nofp\libg.a(lib_a-abort.o)
                0x0800930c                abort
 .text.__sflush_r
                0x0800931c      0x120 d:/gnuarm~1/102021~1.10/bin/../lib/gcc/arm-none-eabi/10.3.1/../../../../arm-none-eabi/lib/thumb/v7e-m/nofp\libg.a(lib_a-fflush.o)
                0x0800931c                __sflush_r
 .text._fflush_r
                0x0800943c       0x5c d:/gnuarm~1/102021~1.10/bin/../lib/gcc/arm-none-eabi/10.3.1/../../../../arm-none-eabi/lib/thumb/v7e-m/nofp\libg.a(lib_a-fflush.o)
                0x0800943c                _fflush_r
 .text._cleanup_r
                0x08009498        0xc d:/gnuarm~1/102021~1.10/bin/../lib/gcc/arm-none-eabi/10.3.1/../../../../arm-none-eabi/lib/thumb/v7e-m/nofp\libg.a(lib_a-findfp.o)
                0x08009498                _cleanup_r
 .text.__sinit  0x080094a4      0x10c d:/gnuarm~1/102021~1.10/bin/../lib/gcc/arm-none-eabi/10.3.1/../../../../arm-none-eabi/lib/thumb/v7e-m/nofp\libg.a(lib_a-findfp.o)
                0x080094a4                __sinit
 .text.__sfp_lock_acquire
                0x080095b0        0xc d:/gnuarm~1/102021~1.10/bin/../lib/gcc/arm-none-eabi/10.3.1/../../../../arm-none-eabi/lib/thumb/v7e-m/nofp\libg.a(lib_a-findfp.o)
                0x080095b0                __sfp_lock_acquire
 .text.__sfp_lock_release
                0x080095bc        0xc d:/gnuarm~1/102021~1.10/bin/../lib/gcc/arm-none-eabi/10.3.1/../../../../arm-none-eabi/lib/thumb/v7e-m/nofp\libg.a(lib_a-findfp.o)
                0x080095bc                __sfp_lock_release
 .text.__fputwc
                0x080095c8       0xa8 d:/gnuarm~1/102021~1.10/bin/../lib/gcc/arm-none-eabi/10.3.1/../../../../arm-none-eabi/lib/thumb/v7e-m/nofp\libg.a(lib_a-fputwc.o)
                0x080095c8                __fputwc
 .text._fputwc_r
                0x08009670       0x68 d:/gnuarm~1/102021~1.10/bin/../lib/gcc/arm-none-eabi/10.3.1/../../../../arm-none-eabi/lib/thumb/v7e-m/nofp\libg.a(lib_a-fputwc.o)
                0x08009670                _fputwc_r
 .text.__sfvwrite_r
                0x080096d8      0x2e8 d:/gnuarm~1/102021~1.10/bin/../lib/gcc/arm-none-eabi/10.3.1/../../../../arm-none-eabi/lib/thumb/v7e-m/nofp\libg.a(lib_a-fvwrite.o)
                0x080096d8                __sfvwrite_r
 .text._fwalk_reent
                0x080099c0       0x48 d:/gnuarm~1/102021~1.10/bin/../lib/gcc/arm-none-eabi/10.3.1/../../../../arm-none-eabi/lib/thumb/v7e-m/nofp\libg.a(lib_a-fwalk.o)
                0x080099c0                _fwalk_reent
 .text.__smakebuf_r
                0x08009a08       0xe0 d:/gnuarm~1/102021~1.10/bin/../lib/gcc/arm-none-eabi/10.3.1/../../../../arm-none-eabi/lib/thumb/v7e-m/nofp\libg.a(lib_a-makebuf.o)
                0x08009a08                __smakebuf_r
 .text.raise    0x08009ae8       0x5c d:/gnuarm~1/102021~1.10/bin/../lib/gcc/arm-none-eabi/10.3.1/../../../../arm-none-eabi/lib/thumb/v7e-m/nofp\libg.a(lib_a-signal.o)
                0x08009ae8                raise
 .text._kill_r  0x08009b44       0x2c d:/gnuarm~1/102021~1.10/bin/../lib/gcc/arm-none-eabi/10.3.1/../../../../arm-none-eabi/lib/thumb/v7e-m/nofp\libg.a(lib_a-signalr.o)
                0x08009b44                _kill_r
 .text._getpid_r
                0x08009b70        0x4 d:/gnuarm~1/102021~1.10/bin/../lib/gcc/arm-none-eabi/10.3.1/../../../../arm-none-eabi/lib/thumb/v7e-m/nofp\libg.a(lib_a-signalr.o)
                0x08009b70                _getpid_r
 .text.__sread  0x08009b74       0x24 d:/gnuarm~1/102021~1.10/bin/../lib/gcc/arm-none-eabi/10.3.1/../../../../arm-none-eabi/lib/thumb/v7e-m/nofp\libg.a(lib_a-stdio.o)
                0x08009b74                __sread
 .text.__swrite
                0x08009b98       0x40 d:/gnuarm~1/102021~1.10/bin/../lib/gcc/arm-none-eabi/10.3.1/../../../../arm-none-eabi/lib/thumb/v7e-m/nofp\libg.a(lib_a-stdio.o)
                0x08009b98                __swrite
 .text.__sseek  0x08009bd8       0x20 d:/gnuarm~1/102021~1.10/bin/../lib/gcc/arm-none-eabi/10.3.1/../../../../arm-none-eabi/lib/thumb/v7e-m/nofp\libg.a(lib_a-stdio.o)
                0x08009bd8                __sseek
 .text.__sclose
                0x08009bf8        0x8 d:/gnuarm~1/102021~1.10/bin/../lib/gcc/arm-none-eabi/10.3.1/../../../../arm-none-eabi/lib/thumb/v7e-m/nofp\libg.a(lib_a-stdio.o)
                0x08009bf8                __sclose
 .text.__swbuf_r
                0x08009c00       0xb0 d:/gnuarm~1/102021~1.10/bin/../lib/gcc/arm-none-eabi/10.3.1/../../../../arm-none-eabi/lib/thumb/v7e-m/nofp\libg.a(lib_a-wbuf.o)
                0x08009c00                __swbuf_r
 .text._wcrtomb_r
                0x08009cb0       0x3c d:/gnuarm~1/102021~1.10/bin/../lib/gcc/arm-none-eabi/10.3.1/../../../../arm-none-eabi/lib/thumb/v7e-m/nofp\libg.a(lib_a-wcrtomb.o)
                0x08009cb0                _wcrtomb_r
 .text._write_r
                0x08009cec       0x2c d:/gnuarm~1/102021~1.10/bin/../lib/gcc/arm-none-eabi/10.3.1/../../../../arm-none-eabi/lib/thumb/v7e-m/nofp\libg.a(lib_a-writer.o)
                0x08009cec                _write_r
 .text._close_r
                0x08009d18       0x24 d:/gnuarm~1/102021~1.10/bin/../lib/gcc/arm-none-eabi/10.3.1/../../../../arm-none-eabi/lib/thumb/v7e-m/nofp\libg.a(lib_a-closer.o)
                0x08009d18                _close_r
 .text._fclose_r
                0x08009d3c       0xcc d:/gnuarm~1/102021~1.10/bin/../lib/gcc/arm-none-eabi/10.3.1/../../../../arm-none-eabi/lib/thumb/v7e-m/nofp\libg.a(lib_a-fclose.o)
                0x08009d3c                _fclose_r
 .text._fstat_r
                0x08009e08       0x2c d:/gnuarm~1/102021~1.10/bin/../lib/gcc/arm-none-eabi/10.3.1/../../../../arm-none-eabi/lib/thumb/v7e-m/nofp\libg.a(lib_a-fstatr.o)
                0x08009e08                _fstat_r
 .text._isatty_r
                0x08009e34       0x24 d:/gnuarm~1/102021~1.10/bin/../lib/gcc/arm-none-eabi/10.3.1/../../../../arm-none-eabi/lib/thumb/v7e-m/nofp\libg.a(lib_a-isattyr.o)
                0x08009e34                _isatty_r
 .text._lseek_r
                0x08009e58       0x2c d:/gnuarm~1/102021~1.10/bin/../lib/gcc/arm-none-eabi/10.3.1/../../../../arm-none-eabi/lib/thumb/v7e-m/nofp\libg.a(lib_a-lseekr.o)
                0x08009e58                _lseek_r
 .text._read_r  0x08009e84       0x2c d:/gnuarm~1/102021~1.10/bin/../lib/gcc/arm-none-eabi/10.3.1/../../../../arm-none-eabi/lib/thumb/v7e-m/nofp\libg.a(lib_a-readr.o)
                0x08009e84                _read_r
 *(.glue_7)
 .glue_7        0x08009eb0        0x0 linker stubs
 *(.glue_7t)
 .glue_7t       0x08009eb0        0x0 linker stubs
 *(.eh_frame)
 .eh_frame      0x08009eb0        0x0 d:/gnuarm~1/102021~1.10/bin/../lib/gcc/arm-none-eabi/10.3.1/thumb/v7e-m/nofp/crtbegin.o
 *(.init)
 .init          0x08009eb0        0x4 d:/gnuarm~1/102021~1.10/bin/../lib/gcc/arm-none-eabi/10.3.1/thumb/v7e-m/nofp/crti.o
                0x08009eb0                _init
 .init          0x08009eb4        0x8 d:/gnuarm~1/102021~1.10/bin/../lib/gcc/arm-none-eabi/10.3.1/thumb/v7e-m/nofp/crtn.o
 *(.fini)
 .fini          0x08009ebc        0x4 d:/gnuarm~1/102021~1.10/bin/../lib/gcc/arm-none-eabi/10.3.1/thumb/v7e-m/nofp/crti.o
                0x08009ebc                _fini
 .fini          0x08009ec0        0x8 d:/gnuarm~1/102021~1.10/bin/../lib/gcc/arm-none-eabi/10.3.1/thumb/v7e-m/nofp/crtn.o
                0x08009ec8                . = ALIGN (0x4)
                0x08009ec8                _etext = .

.vfp11_veneer   0x08009ec8        0x0
 .vfp11_veneer  0x08009ec8        0x0 linker stubs

.v4_bx          0x08009ec8        0x0
 .v4_bx         0x08009ec8        0x0 linker stubs

.iplt           0x08009ec8        0x0
 .iplt          0x08009ec8        0x0 d:/gnuarm~1/102021~1.10/bin/../lib/gcc/arm-none-eabi/10.3.1/thumb/v7e-m/nofp/crtbegin.o

.rodata         0x08009ec8      0x4a0
                0x08009ec8                . = ALIGN (0x4)
 *(.rodata)
 *(.rodata*)
 .rodata.AHBPrescTable
                0x08009ec8       0x10 CMakeFiles/CableMeasure.elf.dir/Core/Src/system_stm32f4xx.c.obj
                0x08009ec8                AHBPrescTable
 .rodata.APBPrescTable
                0x08009ed8        0x8 CMakeFiles/CableMeasure.elf.dir/Core/Src/system_stm32f4xx.c.obj
                0x08009ed8                APBPrescTable
 .rodata.show.str1.4
                0x08009ee0        0xf CMakeFiles/CableMeasure.elf.dir/User/display.c.obj
 *fill*         0x08009eef        0x1 
 .rodata.handle1.str1.4
                0x08009ef0        0xc CMakeFiles/CableMeasure.elf.dir/User/user.c.obj
 .rodata.handle2.str1.4
                0x08009efc       0x3c CMakeFiles/CableMeasure.elf.dir/User/user.c.obj
 .rodata.setup.str1.4
                0x08009f38        0x7 CMakeFiles/CableMeasure.elf.dir/User/user.c.obj
 *fill*         0x08009f3f        0x1 
 .rodata.loop.str1.4
                0x08009f40       0x25 CMakeFiles/CableMeasure.elf.dir/User/user.c.obj
 *fill*         0x08009f65        0x3 
 .rodata._global_impure_ptr
                0x08009f68        0x4 d:/gnuarm~1/102021~1.10/bin/../lib/gcc/arm-none-eabi/10.3.1/../../../../arm-none-eabi/lib/thumb/v7e-m/nofp\libg.a(lib_a-impure.o)
                0x08009f68                _global_impure_ptr
 .rodata._svfprintf_r.str1.4
                0x08009f6c       0x42 d:/gnuarm~1/102021~1.10/bin/../lib/gcc/arm-none-eabi/10.3.1/../../../../arm-none-eabi/lib/thumb/v7e-m/nofp\libg.a(lib_a-svfprintf.o)
 *fill*         0x08009fae        0x2 
 .rodata.blanks.1
                0x08009fb0       0x10 d:/gnuarm~1/102021~1.10/bin/../lib/gcc/arm-none-eabi/10.3.1/../../../../arm-none-eabi/lib/thumb/v7e-m/nofp\libg.a(lib_a-svfprintf.o)
 .rodata.zeroes.0
                0x08009fc0       0x10 d:/gnuarm~1/102021~1.10/bin/../lib/gcc/arm-none-eabi/10.3.1/../../../../arm-none-eabi/lib/thumb/v7e-m/nofp\libg.a(lib_a-svfprintf.o)
 .rodata._dtoa_r.str1.4
                0x08009fd0       0xa2 d:/gnuarm~1/102021~1.10/bin/../lib/gcc/arm-none-eabi/10.3.1/../../../../arm-none-eabi/lib/thumb/v7e-m/nofp\libg.a(lib_a-dtoa.o)
                                 0xa6 (size before relaxing)
 *fill*         0x0800a072        0x2 
 .rodata.__multadd.str1.4
                0x0800a074       0x7f d:/gnuarm~1/102021~1.10/bin/../lib/gcc/arm-none-eabi/10.3.1/../../../../arm-none-eabi/lib/thumb/v7e-m/nofp\libg.a(lib_a-mprec.o)
                                 0x93 (size before relaxing)
 *fill*         0x0800a0f3        0x5 
 .rodata.__mprec_bigtens
                0x0800a0f8       0x28 d:/gnuarm~1/102021~1.10/bin/../lib/gcc/arm-none-eabi/10.3.1/../../../../arm-none-eabi/lib/thumb/v7e-m/nofp\libg.a(lib_a-mprec.o)
                0x0800a0f8                __mprec_bigtens
 .rodata.__mprec_tens
                0x0800a120       0xc8 d:/gnuarm~1/102021~1.10/bin/../lib/gcc/arm-none-eabi/10.3.1/../../../../arm-none-eabi/lib/thumb/v7e-m/nofp\libg.a(lib_a-mprec.o)
                0x0800a120                __mprec_tens
 .rodata.p05.0  0x0800a1e8        0xc d:/gnuarm~1/102021~1.10/bin/../lib/gcc/arm-none-eabi/10.3.1/../../../../arm-none-eabi/lib/thumb/v7e-m/nofp\libg.a(lib_a-mprec.o)
 .rodata.__assert_func.str1.4
                0x0800a1f4       0x3f d:/gnuarm~1/102021~1.10/bin/../lib/gcc/arm-none-eabi/10.3.1/../../../../arm-none-eabi/lib/thumb/v7e-m/nofp\libg.a(lib_a-assert.o)
                                 0x43 (size before relaxing)
 *fill*         0x0800a233        0x1 
 .rodata._setlocale_r.str1.4
                0x0800a234        0xa d:/gnuarm~1/102021~1.10/bin/../lib/gcc/arm-none-eabi/10.3.1/../../../../arm-none-eabi/lib/thumb/v7e-m/nofp\libg.a(lib_a-locale.o)
                                  0xd (size before relaxing)
 *fill*         0x0800a23e        0x2 
 .rodata.str1.4
                0x0800a240        0x2 d:/gnuarm~1/102021~1.10/bin/../lib/gcc/arm-none-eabi/10.3.1/../../../../arm-none-eabi/lib/thumb/v7e-m/nofp\libg.a(lib_a-locale.o)
 .rodata._vfiprintf_r.str1.4
                0x0800a242       0x2f d:/gnuarm~1/102021~1.10/bin/../lib/gcc/arm-none-eabi/10.3.1/../../../../arm-none-eabi/lib/thumb/v7e-m/nofp\libg.a(lib_a-vfiprintf.o)
 *fill*         0x0800a242        0x2 
 .rodata.blanks.1
                0x0800a244       0x10 d:/gnuarm~1/102021~1.10/bin/../lib/gcc/arm-none-eabi/10.3.1/../../../../arm-none-eabi/lib/thumb/v7e-m/nofp\libg.a(lib_a-vfiprintf.o)
 .rodata.zeroes.0
                0x0800a254       0x10 d:/gnuarm~1/102021~1.10/bin/../lib/gcc/arm-none-eabi/10.3.1/../../../../arm-none-eabi/lib/thumb/v7e-m/nofp\libg.a(lib_a-vfiprintf.o)
 .rodata._ctype_
                0x0800a264      0x101 d:/gnuarm~1/102021~1.10/bin/../lib/gcc/arm-none-eabi/10.3.1/../../../../arm-none-eabi/lib/thumb/v7e-m/nofp\libg.a(lib_a-ctype_.o)
                0x0800a264                _ctype_
                0x0800a368                . = ALIGN (0x4)
 *fill*         0x0800a365        0x3 

.ARM.extab      0x0800a368        0x0
                0x0800a368                . = ALIGN (0x4)
 *(.ARM.extab* .gnu.linkonce.armextab.*)
                0x0800a368                . = ALIGN (0x4)

.ARM            0x0800a368        0x8
                0x0800a368                . = ALIGN (0x4)
                0x0800a368                __exidx_start = .
 *(.ARM.exidx*)
 .ARM.exidx     0x0800a368        0x8 d:/gnuarm~1/102021~1.10/bin/../lib/gcc/arm-none-eabi/10.3.1/thumb/v7e-m/nofp\libgcc.a(_udivmoddi4.o)
                0x0800a370                __exidx_end = .
                0x0800a370                . = ALIGN (0x4)

.rel.dyn        0x0800a370        0x0
 .rel.iplt      0x0800a370        0x0 d:/gnuarm~1/102021~1.10/bin/../lib/gcc/arm-none-eabi/10.3.1/thumb/v7e-m/nofp/crtbegin.o

.preinit_array  0x0800a370        0x0
                0x0800a370                . = ALIGN (0x4)
                0x0800a370                PROVIDE (__preinit_array_start = .)
 *(.preinit_array*)
                0x0800a370                PROVIDE (__preinit_array_end = .)
                0x0800a370                . = ALIGN (0x4)

.init_array     0x0800a370        0x8
                0x0800a370                . = ALIGN (0x4)
                0x0800a370                PROVIDE (__init_array_start = .)
 *(SORT_BY_NAME(.init_array.*))
 .init_array.00000
                0x0800a370        0x4 d:/gnuarm~1/102021~1.10/bin/../lib/gcc/arm-none-eabi/10.3.1/../../../../arm-none-eabi/lib/thumb/v7e-m/nofp\libg.a(lib_a-__call_atexit.o)
 *(.init_array*)
 .init_array    0x0800a374        0x4 d:/gnuarm~1/102021~1.10/bin/../lib/gcc/arm-none-eabi/10.3.1/thumb/v7e-m/nofp/crtbegin.o
                0x0800a378                PROVIDE (__init_array_end = .)
                0x0800a378                . = ALIGN (0x4)

.fini_array     0x0800a378        0x4
                0x0800a378                . = ALIGN (0x4)
                0x0800a378                PROVIDE (__fini_array_start = .)
 *(SORT_BY_NAME(.fini_array.*))
 *(.fini_array*)
 .fini_array    0x0800a378        0x4 d:/gnuarm~1/102021~1.10/bin/../lib/gcc/arm-none-eabi/10.3.1/thumb/v7e-m/nofp/crtbegin.o
                0x0800a37c                PROVIDE (__fini_array_end = .)
                0x0800a37c                . = ALIGN (0x4)
                0x0800a37c                _sidata = LOADADDR (.data)

.data           0x20000000      0x9c0 load address 0x0800a37c
                0x20000000                . = ALIGN (0x4)
                0x20000000                _sdata = .
 *(.data)
 *(.data*)
 .data.SystemCoreClock
                0x20000000        0x4 CMakeFiles/CableMeasure.elf.dir/Core/Src/system_stm32f4xx.c.obj
                0x20000000                SystemCoreClock
 .data.uwTickFreq
                0x20000004        0x1 CMakeFiles/CableMeasure.elf.dir/Drivers/STM32F4xx_HAL_Driver/Src/stm32f4xx_hal.c.obj
                0x20000004                uwTickFreq
 *fill*         0x20000005        0x3 
 .data.uwTickPrio
                0x20000008        0x4 CMakeFiles/CableMeasure.elf.dir/Drivers/STM32F4xx_HAL_Driver/Src/stm32f4xx_hal.c.obj
                0x20000008                uwTickPrio
 .data.tail     0x2000000c        0x1 CMakeFiles/CableMeasure.elf.dir/User/getC.c.obj
                0x2000000c                tail
 *fill*         0x2000000d        0x3 
 .data._impure_ptr
                0x20000010        0x4 d:/gnuarm~1/102021~1.10/bin/../lib/gcc/arm-none-eabi/10.3.1/../../../../arm-none-eabi/lib/thumb/v7e-m/nofp\libg.a(lib_a-impure.o)
                0x20000010                _impure_ptr
 *fill*         0x20000014        0x4 
 .data.impure_data
                0x20000018      0x428 d:/gnuarm~1/102021~1.10/bin/../lib/gcc/arm-none-eabi/10.3.1/../../../../arm-none-eabi/lib/thumb/v7e-m/nofp\libg.a(lib_a-impure.o)
 .data.__atexit_recursive_mutex
                0x20000440        0x4 d:/gnuarm~1/102021~1.10/bin/../lib/gcc/arm-none-eabi/10.3.1/../../../../arm-none-eabi/lib/thumb/v7e-m/nofp\libg.a(lib_a-__call_atexit.o)
                0x20000440                __atexit_recursive_mutex
 .data.__malloc_av_
                0x20000444      0x408 d:/gnuarm~1/102021~1.10/bin/../lib/gcc/arm-none-eabi/10.3.1/../../../../arm-none-eabi/lib/thumb/v7e-m/nofp\libg.a(lib_a-mallocr.o)
                0x20000444                __malloc_av_
 .data.__malloc_sbrk_base
                0x2000084c        0x4 d:/gnuarm~1/102021~1.10/bin/../lib/gcc/arm-none-eabi/10.3.1/../../../../arm-none-eabi/lib/thumb/v7e-m/nofp\libg.a(lib_a-mallocr.o)
                0x2000084c                __malloc_sbrk_base
 .data.__malloc_trim_threshold
                0x20000850        0x4 d:/gnuarm~1/102021~1.10/bin/../lib/gcc/arm-none-eabi/10.3.1/../../../../arm-none-eabi/lib/thumb/v7e-m/nofp\libg.a(lib_a-mallocr.o)
                0x20000850                __malloc_trim_threshold
 .data.__global_locale
                0x20000854      0x16c d:/gnuarm~1/102021~1.10/bin/../lib/gcc/arm-none-eabi/10.3.1/../../../../arm-none-eabi/lib/thumb/v7e-m/nofp\libg.a(lib_a-locale.o)
                0x20000854                __global_locale
 *(.RamFunc)
 *(.RamFunc*)
                0x200009c0                . = ALIGN (0x4)
                0x200009c0                _edata = .
                0x0800ad3c                _siccmram = LOADADDR (.ccmram)

.igot.plt       0x200009c0        0x0 load address 0x0800ad3c
 .igot.plt      0x200009c0        0x0 d:/gnuarm~1/102021~1.10/bin/../lib/gcc/arm-none-eabi/10.3.1/thumb/v7e-m/nofp/crtbegin.o

.ccmram         0x10000000        0x0 load address 0x0800ad3c
                0x10000000                . = ALIGN (0x4)
                0x10000000                _sccmram = .
 *(.ccmram)
 *(.ccmram*)
                0x10000000                . = ALIGN (0x4)
                0x10000000                _eccmram = .
                0x10000000                . = ALIGN (0x4)

.bss            0x200009c0      0x32c
                0x200009c0                _sbss = .
                0x200009c0                __bss_start__ = _sbss
 *(.bss)
 .bss           0x200009c0       0x1c d:/gnuarm~1/102021~1.10/bin/../lib/gcc/arm-none-eabi/10.3.1/thumb/v7e-m/nofp/crtbegin.o
 *(.bss*)
 .bss.hadc1     0x200009dc       0x48 CMakeFiles/CableMeasure.elf.dir/Core/Src/adc.c.obj
                0x200009dc                hadc1
 .bss.__sbrk_heap_end
                0x20000a24        0x4 CMakeFiles/CableMeasure.elf.dir/Core/Src/sysmem.c.obj
 .bss.htim2     0x20000a28       0x48 CMakeFiles/CableMeasure.elf.dir/Core/Src/tim.c.obj
                0x20000a28                htim2
 .bss.huart1    0x20000a70       0x44 CMakeFiles/CableMeasure.elf.dir/Core/Src/usart.c.obj
                0x20000a70                huart1
 .bss.huart3    0x20000ab4       0x44 CMakeFiles/CableMeasure.elf.dir/Core/Src/usart.c.obj
                0x20000ab4                huart3
 .bss.uwTick    0x20000af8        0x4 CMakeFiles/CableMeasure.elf.dir/Drivers/STM32F4xx_HAL_Driver/Src/stm32f4xx_hal.c.obj
                0x20000af8                uwTick
 .bss.fq        0x20000afc      0x190 CMakeFiles/CableMeasure.elf.dir/User/getC.c.obj
                0x20000afc                fq
 .bss.freq      0x20000c8c        0x4 CMakeFiles/CableMeasure.elf.dir/User/getC.c.obj
                0x20000c8c                freq
 .bss.head      0x20000c90        0x1 CMakeFiles/CableMeasure.elf.dir/User/getC.c.obj
                0x20000c90                head
 *fill*         0x20000c91        0x3 
 .bss.last_tick
                0x20000c94        0x4 CMakeFiles/CableMeasure.elf.dir/User/getC.c.obj
                0x20000c94                last_tick
 .bss.ready     0x20000c98        0x4 CMakeFiles/CableMeasure.elf.dir/User/getC.c.obj
                0x20000c98                ready
 .bss.g_base_c  0x20000c9c        0x4 CMakeFiles/CableMeasure.elf.dir/User/user.c.obj
                0x20000c9c                g_base_c
 .bss.g_l       0x20000ca0        0x4 CMakeFiles/CableMeasure.elf.dir/User/user.c.obj
                0x20000ca0                g_l
 .bss.__lock___atexit_recursive_mutex
                0x20000ca4        0x1 d:/gnuarm~1/102021~1.10/bin/../lib/gcc/arm-none-eabi/10.3.1/../../../../arm-none-eabi/lib/thumb/v7e-m/nofp\libg.a(lib_a-lock.o)
                0x20000ca4                __lock___atexit_recursive_mutex
 *fill*         0x20000ca5        0x3 
 .bss.__lock___malloc_recursive_mutex
                0x20000ca8        0x1 d:/gnuarm~1/102021~1.10/bin/../lib/gcc/arm-none-eabi/10.3.1/../../../../arm-none-eabi/lib/thumb/v7e-m/nofp\libg.a(lib_a-lock.o)
                0x20000ca8                __lock___malloc_recursive_mutex
 *fill*         0x20000ca9        0x3 
 .bss.__lock___sfp_recursive_mutex
                0x20000cac        0x1 d:/gnuarm~1/102021~1.10/bin/../lib/gcc/arm-none-eabi/10.3.1/../../../../arm-none-eabi/lib/thumb/v7e-m/nofp\libg.a(lib_a-lock.o)
                0x20000cac                __lock___sfp_recursive_mutex
 *fill*         0x20000cad        0x3 
 .bss.__lock___sinit_recursive_mutex
                0x20000cb0        0x1 d:/gnuarm~1/102021~1.10/bin/../lib/gcc/arm-none-eabi/10.3.1/../../../../arm-none-eabi/lib/thumb/v7e-m/nofp\libg.a(lib_a-lock.o)
                0x20000cb0                __lock___sinit_recursive_mutex
 *fill*         0x20000cb1        0x3 
 .bss.__malloc_current_mallinfo
                0x20000cb4       0x28 d:/gnuarm~1/102021~1.10/bin/../lib/gcc/arm-none-eabi/10.3.1/../../../../arm-none-eabi/lib/thumb/v7e-m/nofp\libg.a(lib_a-mallocr.o)
                0x20000cb4                __malloc_current_mallinfo
 .bss.__malloc_max_sbrked_mem
                0x20000cdc        0x4 d:/gnuarm~1/102021~1.10/bin/../lib/gcc/arm-none-eabi/10.3.1/../../../../arm-none-eabi/lib/thumb/v7e-m/nofp\libg.a(lib_a-mallocr.o)
                0x20000cdc                __malloc_max_sbrked_mem
 .bss.__malloc_max_total_mem
                0x20000ce0        0x4 d:/gnuarm~1/102021~1.10/bin/../lib/gcc/arm-none-eabi/10.3.1/../../../../arm-none-eabi/lib/thumb/v7e-m/nofp\libg.a(lib_a-mallocr.o)
                0x20000ce0                __malloc_max_total_mem
 .bss.__malloc_top_pad
                0x20000ce4        0x4 d:/gnuarm~1/102021~1.10/bin/../lib/gcc/arm-none-eabi/10.3.1/../../../../arm-none-eabi/lib/thumb/v7e-m/nofp\libg.a(lib_a-mallocr.o)
                0x20000ce4                __malloc_top_pad
 .bss.errno     0x20000ce8        0x4 d:/gnuarm~1/102021~1.10/bin/../lib/gcc/arm-none-eabi/10.3.1/../../../../arm-none-eabi/lib/thumb/v7e-m/nofp\libg.a(lib_a-reent.o)
                0x20000ce8                errno
 *(COMMON)
                0x20000cec                . = ALIGN (0x4)
                0x20000cec                _ebss = .
                0x20000cec                __bss_end__ = _ebss

._user_heap_stack
                0x20000cec      0x604
                0x20000cf0                . = ALIGN (0x8)
 *fill*         0x20000cec        0x4 
                [!provide]                PROVIDE (end = .)
                0x20000cf0                PROVIDE (_end = .)
                0x20000ef0                . = (. + _Min_Heap_Size)
 *fill*         0x20000cf0      0x200 
                0x200012f0                . = (. + _Min_Stack_Size)
 *fill*         0x20000ef0      0x400 
                0x200012f0                . = ALIGN (0x8)

/DISCARD/
 libc.a(*)
 libm.a(*)
 libgcc.a(*)

.ARM.attributes
                0x00000000       0x2a
 *(.ARM.attributes)
 .ARM.attributes
                0x00000000       0x1e d:/gnuarm~1/102021~1.10/bin/../lib/gcc/arm-none-eabi/10.3.1/thumb/v7e-m/nofp/crti.o
 .ARM.attributes
                0x0000001e       0x2e d:/gnuarm~1/102021~1.10/bin/../lib/gcc/arm-none-eabi/10.3.1/thumb/v7e-m/nofp/crtbegin.o
 .ARM.attributes
                0x0000004c       0x2e CMakeFiles/CableMeasure.elf.dir/Core/Src/adc.c.obj
 .ARM.attributes
                0x0000007a       0x2e CMakeFiles/CableMeasure.elf.dir/Core/Src/gpio.c.obj
 .ARM.attributes
                0x000000a8       0x2e CMakeFiles/CableMeasure.elf.dir/Core/Src/main.c.obj
 .ARM.attributes
                0x000000d6       0x2e CMakeFiles/CableMeasure.elf.dir/Core/Src/stm32f4xx_hal_msp.c.obj
 .ARM.attributes
                0x00000104       0x2e CMakeFiles/CableMeasure.elf.dir/Core/Src/stm32f4xx_it.c.obj
 .ARM.attributes
                0x00000132       0x2e CMakeFiles/CableMeasure.elf.dir/Core/Src/syscalls.c.obj
 .ARM.attributes
                0x00000160       0x2e CMakeFiles/CableMeasure.elf.dir/Core/Src/sysmem.c.obj
 .ARM.attributes
                0x0000018e       0x2e CMakeFiles/CableMeasure.elf.dir/Core/Src/system_stm32f4xx.c.obj
 .ARM.attributes
                0x000001bc       0x2e CMakeFiles/CableMeasure.elf.dir/Core/Src/tim.c.obj
 .ARM.attributes
                0x000001ea       0x2e CMakeFiles/CableMeasure.elf.dir/Core/Src/usart.c.obj
 .ARM.attributes
                0x00000218       0x21 CMakeFiles/CableMeasure.elf.dir/Core/Startup/startup_stm32f429zgtx.s.obj
 .ARM.attributes
                0x00000239       0x2e CMakeFiles/CableMeasure.elf.dir/Drivers/STM32F4xx_HAL_Driver/Src/stm32f4xx_hal.c.obj
 .ARM.attributes
                0x00000267       0x2e CMakeFiles/CableMeasure.elf.dir/Drivers/STM32F4xx_HAL_Driver/Src/stm32f4xx_hal_adc.c.obj
 .ARM.attributes
                0x00000295       0x2e CMakeFiles/CableMeasure.elf.dir/Drivers/STM32F4xx_HAL_Driver/Src/stm32f4xx_hal_cortex.c.obj
 .ARM.attributes
                0x000002c3       0x2e CMakeFiles/CableMeasure.elf.dir/Drivers/STM32F4xx_HAL_Driver/Src/stm32f4xx_hal_gpio.c.obj
 .ARM.attributes
                0x000002f1       0x2e CMakeFiles/CableMeasure.elf.dir/Drivers/STM32F4xx_HAL_Driver/Src/stm32f4xx_hal_pwr_ex.c.obj
 .ARM.attributes
                0x0000031f       0x2e CMakeFiles/CableMeasure.elf.dir/Drivers/STM32F4xx_HAL_Driver/Src/stm32f4xx_hal_rcc.c.obj
 .ARM.attributes
                0x0000034d       0x2e CMakeFiles/CableMeasure.elf.dir/Drivers/STM32F4xx_HAL_Driver/Src/stm32f4xx_hal_tim.c.obj
 .ARM.attributes
                0x0000037b       0x2e CMakeFiles/CableMeasure.elf.dir/Drivers/STM32F4xx_HAL_Driver/Src/stm32f4xx_hal_tim_ex.c.obj
 .ARM.attributes
                0x000003a9       0x2e CMakeFiles/CableMeasure.elf.dir/Drivers/STM32F4xx_HAL_Driver/Src/stm32f4xx_hal_uart.c.obj
 .ARM.attributes
                0x000003d7       0x2e CMakeFiles/CableMeasure.elf.dir/User/display.c.obj
 .ARM.attributes
                0x00000405       0x2e CMakeFiles/CableMeasure.elf.dir/User/getC.c.obj
 .ARM.attributes
                0x00000433       0x2e CMakeFiles/CableMeasure.elf.dir/User/getL.c.obj
 .ARM.attributes
                0x00000461       0x2e CMakeFiles/CableMeasure.elf.dir/User/getR.c.obj
 .ARM.attributes
                0x0000048f       0x2e CMakeFiles/CableMeasure.elf.dir/User/printf.c.obj
 .ARM.attributes
                0x000004bd       0x2e CMakeFiles/CableMeasure.elf.dir/User/tdc.c.obj
 .ARM.attributes
                0x000004eb       0x2e CMakeFiles/CableMeasure.elf.dir/User/tick.c.obj
 .ARM.attributes
                0x00000519       0x2e CMakeFiles/CableMeasure.elf.dir/User/user.c.obj
 .ARM.attributes
                0x00000547       0x1e d:/gnuarm~1/102021~1.10/bin/../lib/gcc/arm-none-eabi/10.3.1/thumb/v7e-m/nofp\libgcc.a(_arm_addsubdf3.o)
 .ARM.attributes
                0x00000565       0x1e d:/gnuarm~1/102021~1.10/bin/../lib/gcc/arm-none-eabi/10.3.1/thumb/v7e-m/nofp\libgcc.a(_arm_muldivdf3.o)
 .ARM.attributes
                0x00000583       0x1e d:/gnuarm~1/102021~1.10/bin/../lib/gcc/arm-none-eabi/10.3.1/thumb/v7e-m/nofp\libgcc.a(_arm_fixunsdfsi.o)
 .ARM.attributes
                0x000005a1       0x1e d:/gnuarm~1/102021~1.10/bin/../lib/gcc/arm-none-eabi/10.3.1/thumb/v7e-m/nofp\libgcc.a(_arm_truncdfsf2.o)
 .ARM.attributes
                0x000005bf       0x1e d:/gnuarm~1/102021~1.10/bin/../lib/gcc/arm-none-eabi/10.3.1/thumb/v7e-m/nofp\libgcc.a(_arm_addsubsf3.o)
 .ARM.attributes
                0x000005dd       0x1e d:/gnuarm~1/102021~1.10/bin/../lib/gcc/arm-none-eabi/10.3.1/thumb/v7e-m/nofp\libgcc.a(_arm_muldivsf3.o)
 .ARM.attributes
                0x000005fb       0x1e d:/gnuarm~1/102021~1.10/bin/../lib/gcc/arm-none-eabi/10.3.1/thumb/v7e-m/nofp\libgcc.a(_arm_cmpsf2.o)
 .ARM.attributes
                0x00000619       0x1e d:/gnuarm~1/102021~1.10/bin/../lib/gcc/arm-none-eabi/10.3.1/thumb/v7e-m/nofp\libgcc.a(_arm_fixunssfsi.o)
 .ARM.attributes
                0x00000637       0x1e d:/gnuarm~1/102021~1.10/bin/../lib/gcc/arm-none-eabi/10.3.1/thumb/v7e-m/nofp\libgcc.a(_aeabi_uldivmod.o)
 .ARM.attributes
                0x00000655       0x2e d:/gnuarm~1/102021~1.10/bin/../lib/gcc/arm-none-eabi/10.3.1/thumb/v7e-m/nofp\libgcc.a(_udivmoddi4.o)
 .ARM.attributes
                0x00000683       0x1e d:/gnuarm~1/102021~1.10/bin/../lib/gcc/arm-none-eabi/10.3.1/thumb/v7e-m/nofp\libgcc.a(_dvmd_tls.o)
 .ARM.attributes
                0x000006a1       0x2e d:/gnuarm~1/102021~1.10/bin/../lib/gcc/arm-none-eabi/10.3.1/../../../../arm-none-eabi/lib/thumb/v7e-m/nofp\libg.a(lib_a-errno.o)
 .ARM.attributes
                0x000006cf       0x2e d:/gnuarm~1/102021~1.10/bin/../lib/gcc/arm-none-eabi/10.3.1/../../../../arm-none-eabi/lib/thumb/v7e-m/nofp\libg.a(lib_a-impure.o)
 .ARM.attributes
                0x000006fd       0x2e d:/gnuarm~1/102021~1.10/bin/../lib/gcc/arm-none-eabi/10.3.1/../../../../arm-none-eabi/lib/thumb/v7e-m/nofp\libg.a(lib_a-init.o)
 .ARM.attributes
                0x0000072b       0x2e d:/gnuarm~1/102021~1.10/bin/../lib/gcc/arm-none-eabi/10.3.1/../../../../arm-none-eabi/lib/thumb/v7e-m/nofp\libg.a(lib_a-memset.o)
 .ARM.attributes
                0x00000759       0x2e d:/gnuarm~1/102021~1.10/bin/../lib/gcc/arm-none-eabi/10.3.1/../../../../arm-none-eabi/lib/thumb/v7e-m/nofp\libg.a(lib_a-sprintf.o)
 .ARM.attributes
                0x00000787       0x1c d:/gnuarm~1/102021~1.10/bin/../lib/gcc/arm-none-eabi/10.3.1/../../../../arm-none-eabi/lib/thumb/v7e-m/nofp\libg.a(lib_a-strlen.o)
 .ARM.attributes
                0x000007a3       0x2e d:/gnuarm~1/102021~1.10/bin/../lib/gcc/arm-none-eabi/10.3.1/../../../../arm-none-eabi/lib/thumb/v7e-m/nofp\libg.a(lib_a-svfprintf.o)
 .ARM.attributes
                0x000007d1       0x2e d:/gnuarm~1/102021~1.10/bin/../lib/gcc/arm-none-eabi/10.3.1/../../../../arm-none-eabi/lib/thumb/v7e-m/nofp\libg.a(lib_a-vsnprintf.o)
 .ARM.attributes
                0x000007ff       0x2e d:/gnuarm~1/102021~1.10/bin/../lib/gcc/arm-none-eabi/10.3.1/../../../../arm-none-eabi/lib/thumb/v7e-m/nofp\libg.a(lib_a-__call_atexit.o)
 .ARM.attributes
                0x0000082d       0x2e d:/gnuarm~1/102021~1.10/bin/../lib/gcc/arm-none-eabi/10.3.1/../../../../arm-none-eabi/lib/thumb/v7e-m/nofp\libg.a(lib_a-atexit.o)
 .ARM.attributes
                0x0000085b       0x2e d:/gnuarm~1/102021~1.10/bin/../lib/gcc/arm-none-eabi/10.3.1/../../../../arm-none-eabi/lib/thumb/v7e-m/nofp\libg.a(lib_a-dtoa.o)
 .ARM.attributes
                0x00000889       0x2e d:/gnuarm~1/102021~1.10/bin/../lib/gcc/arm-none-eabi/10.3.1/../../../../arm-none-eabi/lib/thumb/v7e-m/nofp\libg.a(lib_a-fini.o)
 .ARM.attributes
                0x000008b7       0x2e d:/gnuarm~1/102021~1.10/bin/../lib/gcc/arm-none-eabi/10.3.1/../../../../arm-none-eabi/lib/thumb/v7e-m/nofp\libg.a(lib_a-freer.o)
 .ARM.attributes
                0x000008e5       0x2e d:/gnuarm~1/102021~1.10/bin/../lib/gcc/arm-none-eabi/10.3.1/../../../../arm-none-eabi/lib/thumb/v7e-m/nofp\libg.a(lib_a-localeconv.o)
 .ARM.attributes
                0x00000913       0x2e d:/gnuarm~1/102021~1.10/bin/../lib/gcc/arm-none-eabi/10.3.1/../../../../arm-none-eabi/lib/thumb/v7e-m/nofp\libg.a(lib_a-lock.o)
 .ARM.attributes
                0x00000941       0x2e d:/gnuarm~1/102021~1.10/bin/../lib/gcc/arm-none-eabi/10.3.1/../../../../arm-none-eabi/lib/thumb/v7e-m/nofp\libg.a(lib_a-mallocr.o)
 .ARM.attributes
                0x0000096f       0x1c d:/gnuarm~1/102021~1.10/bin/../lib/gcc/arm-none-eabi/10.3.1/../../../../arm-none-eabi/lib/thumb/v7e-m/nofp\libg.a(lib_a-memchr.o)
 .ARM.attributes
                0x0000098b       0x1c d:/gnuarm~1/102021~1.10/bin/../lib/gcc/arm-none-eabi/10.3.1/../../../../arm-none-eabi/lib/thumb/v7e-m/nofp\libg.a(lib_a-memcpy.o)
 .ARM.attributes
                0x000009a7       0x2e d:/gnuarm~1/102021~1.10/bin/../lib/gcc/arm-none-eabi/10.3.1/../../../../arm-none-eabi/lib/thumb/v7e-m/nofp\libg.a(lib_a-mlock.o)
 .ARM.attributes
                0x000009d5       0x2e d:/gnuarm~1/102021~1.10/bin/../lib/gcc/arm-none-eabi/10.3.1/../../../../arm-none-eabi/lib/thumb/v7e-m/nofp\libg.a(lib_a-mprec.o)
 .ARM.attributes
                0x00000a03       0x2e d:/gnuarm~1/102021~1.10/bin/../lib/gcc/arm-none-eabi/10.3.1/../../../../arm-none-eabi/lib/thumb/v7e-m/nofp\libg.a(lib_a-s_frexp.o)
 .ARM.attributes
                0x00000a31       0x2e d:/gnuarm~1/102021~1.10/bin/../lib/gcc/arm-none-eabi/10.3.1/../../../../arm-none-eabi/lib/thumb/v7e-m/nofp\libg.a(lib_a-sbrkr.o)
 .ARM.attributes
                0x00000a5f       0x2e d:/gnuarm~1/102021~1.10/bin/../lib/gcc/arm-none-eabi/10.3.1/../../../../arm-none-eabi/lib/thumb/v7e-m/nofp\libg.a(lib_a-strncpy.o)
 .ARM.attributes
                0x00000a8d       0x2e d:/gnuarm~1/102021~1.10/bin/../lib/gcc/arm-none-eabi/10.3.1/../../../../arm-none-eabi/lib/thumb/v7e-m/nofp\libg.a(lib_a-svfiprintf.o)
 .ARM.attributes
                0x00000abb       0x2e d:/gnuarm~1/102021~1.10/bin/../lib/gcc/arm-none-eabi/10.3.1/../../../../arm-none-eabi/lib/thumb/v7e-m/nofp\libg.a(lib_a-__atexit.o)
 .ARM.attributes
                0x00000ae9       0x2e d:/gnuarm~1/102021~1.10/bin/../lib/gcc/arm-none-eabi/10.3.1/../../../../arm-none-eabi/lib/thumb/v7e-m/nofp\libg.a(lib_a-assert.o)
 .ARM.attributes
                0x00000b17       0x2e d:/gnuarm~1/102021~1.10/bin/../lib/gcc/arm-none-eabi/10.3.1/../../../../arm-none-eabi/lib/thumb/v7e-m/nofp\libg.a(lib_a-callocr.o)
 .ARM.attributes
                0x00000b45       0x2e d:/gnuarm~1/102021~1.10/bin/../lib/gcc/arm-none-eabi/10.3.1/../../../../arm-none-eabi/lib/thumb/v7e-m/nofp\libg.a(lib_a-fiprintf.o)
 .ARM.attributes
                0x00000b73       0x2e d:/gnuarm~1/102021~1.10/bin/../lib/gcc/arm-none-eabi/10.3.1/../../../../arm-none-eabi/lib/thumb/v7e-m/nofp\libg.a(lib_a-locale.o)
 .ARM.attributes
                0x00000ba1       0x2e d:/gnuarm~1/102021~1.10/bin/../lib/gcc/arm-none-eabi/10.3.1/../../../../arm-none-eabi/lib/thumb/v7e-m/nofp\libg.a(lib_a-mbtowc_r.o)
 .ARM.attributes
                0x00000bcf       0x2e d:/gnuarm~1/102021~1.10/bin/../lib/gcc/arm-none-eabi/10.3.1/../../../../arm-none-eabi/lib/thumb/v7e-m/nofp\libg.a(lib_a-memmove.o)
 .ARM.attributes
                0x00000bfd       0x2e d:/gnuarm~1/102021~1.10/bin/../lib/gcc/arm-none-eabi/10.3.1/../../../../arm-none-eabi/lib/thumb/v7e-m/nofp\libg.a(lib_a-reallocr.o)
 .ARM.attributes
                0x00000c2b       0x2e d:/gnuarm~1/102021~1.10/bin/../lib/gcc/arm-none-eabi/10.3.1/../../../../arm-none-eabi/lib/thumb/v7e-m/nofp\libg.a(lib_a-reent.o)
 .ARM.attributes
                0x00000c59       0x2e d:/gnuarm~1/102021~1.10/bin/../lib/gcc/arm-none-eabi/10.3.1/../../../../arm-none-eabi/lib/thumb/v7e-m/nofp\libg.a(lib_a-vfiprintf.o)
 .ARM.attributes
                0x00000c87       0x2e d:/gnuarm~1/102021~1.10/bin/../lib/gcc/arm-none-eabi/10.3.1/../../../../arm-none-eabi/lib/thumb/v7e-m/nofp\libg.a(lib_a-wctomb_r.o)
 .ARM.attributes
                0x00000cb5       0x2e d:/gnuarm~1/102021~1.10/bin/../lib/gcc/arm-none-eabi/10.3.1/../../../../arm-none-eabi/lib/thumb/v7e-m/nofp\libg.a(lib_a-wsetup.o)
 .ARM.attributes
                0x00000ce3       0x2e d:/gnuarm~1/102021~1.10/bin/../lib/gcc/arm-none-eabi/10.3.1/../../../../arm-none-eabi/lib/thumb/v7e-m/nofp\libg.a(lib_a-abort.o)
 .ARM.attributes
                0x00000d11       0x2e d:/gnuarm~1/102021~1.10/bin/../lib/gcc/arm-none-eabi/10.3.1/../../../../arm-none-eabi/lib/thumb/v7e-m/nofp\libg.a(lib_a-ctype_.o)
 .ARM.attributes
                0x00000d3f       0x2e d:/gnuarm~1/102021~1.10/bin/../lib/gcc/arm-none-eabi/10.3.1/../../../../arm-none-eabi/lib/thumb/v7e-m/nofp\libg.a(lib_a-fflush.o)
 .ARM.attributes
                0x00000d6d       0x2e d:/gnuarm~1/102021~1.10/bin/../lib/gcc/arm-none-eabi/10.3.1/../../../../arm-none-eabi/lib/thumb/v7e-m/nofp\libg.a(lib_a-findfp.o)
 .ARM.attributes
                0x00000d9b       0x2e d:/gnuarm~1/102021~1.10/bin/../lib/gcc/arm-none-eabi/10.3.1/../../../../arm-none-eabi/lib/thumb/v7e-m/nofp\libg.a(lib_a-fputwc.o)
 .ARM.attributes
                0x00000dc9       0x2e d:/gnuarm~1/102021~1.10/bin/../lib/gcc/arm-none-eabi/10.3.1/../../../../arm-none-eabi/lib/thumb/v7e-m/nofp\libg.a(lib_a-fvwrite.o)
 .ARM.attributes
                0x00000df7       0x2e d:/gnuarm~1/102021~1.10/bin/../lib/gcc/arm-none-eabi/10.3.1/../../../../arm-none-eabi/lib/thumb/v7e-m/nofp\libg.a(lib_a-fwalk.o)
 .ARM.attributes
                0x00000e25       0x2e d:/gnuarm~1/102021~1.10/bin/../lib/gcc/arm-none-eabi/10.3.1/../../../../arm-none-eabi/lib/thumb/v7e-m/nofp\libg.a(lib_a-makebuf.o)
 .ARM.attributes
                0x00000e53       0x2e d:/gnuarm~1/102021~1.10/bin/../lib/gcc/arm-none-eabi/10.3.1/../../../../arm-none-eabi/lib/thumb/v7e-m/nofp\libg.a(lib_a-signal.o)
 .ARM.attributes
                0x00000e81       0x2e d:/gnuarm~1/102021~1.10/bin/../lib/gcc/arm-none-eabi/10.3.1/../../../../arm-none-eabi/lib/thumb/v7e-m/nofp\libg.a(lib_a-signalr.o)
 .ARM.attributes
                0x00000eaf       0x2e d:/gnuarm~1/102021~1.10/bin/../lib/gcc/arm-none-eabi/10.3.1/../../../../arm-none-eabi/lib/thumb/v7e-m/nofp\libg.a(lib_a-stdio.o)
 .ARM.attributes
                0x00000edd       0x2e d:/gnuarm~1/102021~1.10/bin/../lib/gcc/arm-none-eabi/10.3.1/../../../../arm-none-eabi/lib/thumb/v7e-m/nofp\libg.a(lib_a-wbuf.o)
 .ARM.attributes
                0x00000f0b       0x2e d:/gnuarm~1/102021~1.10/bin/../lib/gcc/arm-none-eabi/10.3.1/../../../../arm-none-eabi/lib/thumb/v7e-m/nofp\libg.a(lib_a-wcrtomb.o)
 .ARM.attributes
                0x00000f39       0x2e d:/gnuarm~1/102021~1.10/bin/../lib/gcc/arm-none-eabi/10.3.1/../../../../arm-none-eabi/lib/thumb/v7e-m/nofp\libg.a(lib_a-writer.o)
 .ARM.attributes
                0x00000f67       0x2e d:/gnuarm~1/102021~1.10/bin/../lib/gcc/arm-none-eabi/10.3.1/../../../../arm-none-eabi/lib/thumb/v7e-m/nofp\libg.a(lib_a-closer.o)
 .ARM.attributes
                0x00000f95       0x2e d:/gnuarm~1/102021~1.10/bin/../lib/gcc/arm-none-eabi/10.3.1/../../../../arm-none-eabi/lib/thumb/v7e-m/nofp\libg.a(lib_a-fclose.o)
 .ARM.attributes
                0x00000fc3       0x2e d:/gnuarm~1/102021~1.10/bin/../lib/gcc/arm-none-eabi/10.3.1/../../../../arm-none-eabi/lib/thumb/v7e-m/nofp\libg.a(lib_a-fstatr.o)
 .ARM.attributes
                0x00000ff1       0x2e d:/gnuarm~1/102021~1.10/bin/../lib/gcc/arm-none-eabi/10.3.1/../../../../arm-none-eabi/lib/thumb/v7e-m/nofp\libg.a(lib_a-isattyr.o)
 .ARM.attributes
                0x0000101f       0x2e d:/gnuarm~1/102021~1.10/bin/../lib/gcc/arm-none-eabi/10.3.1/../../../../arm-none-eabi/lib/thumb/v7e-m/nofp\libg.a(lib_a-lseekr.o)
 .ARM.attributes
                0x0000104d       0x2e d:/gnuarm~1/102021~1.10/bin/../lib/gcc/arm-none-eabi/10.3.1/../../../../arm-none-eabi/lib/thumb/v7e-m/nofp\libg.a(lib_a-readr.o)
 .ARM.attributes
                0x0000107b       0x1e d:/gnuarm~1/102021~1.10/bin/../lib/gcc/arm-none-eabi/10.3.1/thumb/v7e-m/nofp\libgcc.a(_arm_cmpdf2.o)
 .ARM.attributes
                0x00001099       0x1e d:/gnuarm~1/102021~1.10/bin/../lib/gcc/arm-none-eabi/10.3.1/thumb/v7e-m/nofp\libgcc.a(_arm_unorddf2.o)
 .ARM.attributes
                0x000010b7       0x1e d:/gnuarm~1/102021~1.10/bin/../lib/gcc/arm-none-eabi/10.3.1/thumb/v7e-m/nofp\libgcc.a(_arm_fixdfsi.o)
 .ARM.attributes
                0x000010d5       0x1e d:/gnuarm~1/102021~1.10/bin/../lib/gcc/arm-none-eabi/10.3.1/thumb/v7e-m/nofp/crtn.o
OUTPUT(CableMeasure.elf elf32-littlearm)
LOAD linker stubs
LOAD d:/gnuarm~1/102021~1.10/bin/../lib/gcc/arm-none-eabi/10.3.1/../../../../arm-none-eabi/lib/thumb/v7e-m/nofp\libc.a
LOAD d:/gnuarm~1/102021~1.10/bin/../lib/gcc/arm-none-eabi/10.3.1/../../../../arm-none-eabi/lib/thumb/v7e-m/nofp\libm.a
LOAD d:/gnuarm~1/102021~1.10/bin/../lib/gcc/arm-none-eabi/10.3.1/thumb/v7e-m/nofp\libgcc.a

.debug_info     0x00000000    0x15636
 .debug_info    0x00000000      0xa81 CMakeFiles/CableMeasure.elf.dir/Core/Src/adc.c.obj
 .debug_info    0x00000a81      0x8cc CMakeFiles/CableMeasure.elf.dir/Core/Src/gpio.c.obj
 .debug_info    0x0000134d      0x62a CMakeFiles/CableMeasure.elf.dir/Core/Src/main.c.obj
 .debug_info    0x00001977      0x2c0 CMakeFiles/CableMeasure.elf.dir/Core/Src/stm32f4xx_hal_msp.c.obj
 .debug_info    0x00001c37      0x17b CMakeFiles/CableMeasure.elf.dir/Core/Src/stm32f4xx_it.c.obj
 .debug_info    0x00001db2      0x7af CMakeFiles/CableMeasure.elf.dir/Core/Src/syscalls.c.obj
 .debug_info    0x00002561      0x174 CMakeFiles/CableMeasure.elf.dir/Core/Src/sysmem.c.obj
 .debug_info    0x000026d5      0x399 CMakeFiles/CableMeasure.elf.dir/Core/Src/system_stm32f4xx.c.obj
 .debug_info    0x00002a6e      0xa30 CMakeFiles/CableMeasure.elf.dir/Core/Src/tim.c.obj
 .debug_info    0x0000349e      0xab0 CMakeFiles/CableMeasure.elf.dir/Core/Src/usart.c.obj
 .debug_info    0x00003f4e       0x22 CMakeFiles/CableMeasure.elf.dir/Core/Startup/startup_stm32f429zgtx.s.obj
 .debug_info    0x00003f70      0xa68 CMakeFiles/CableMeasure.elf.dir/Drivers/STM32F4xx_HAL_Driver/Src/stm32f4xx_hal.c.obj
 .debug_info    0x000049d8      0xee1 CMakeFiles/CableMeasure.elf.dir/Drivers/STM32F4xx_HAL_Driver/Src/stm32f4xx_hal_adc.c.obj
 .debug_info    0x000058b9     0x10ce CMakeFiles/CableMeasure.elf.dir/Drivers/STM32F4xx_HAL_Driver/Src/stm32f4xx_hal_cortex.c.obj
 .debug_info    0x00006987      0x7cc CMakeFiles/CableMeasure.elf.dir/Drivers/STM32F4xx_HAL_Driver/Src/stm32f4xx_hal_gpio.c.obj
 .debug_info    0x00007153      0x7bb CMakeFiles/CableMeasure.elf.dir/Drivers/STM32F4xx_HAL_Driver/Src/stm32f4xx_hal_pwr_ex.c.obj
 .debug_info    0x0000790e      0xb1f CMakeFiles/CableMeasure.elf.dir/Drivers/STM32F4xx_HAL_Driver/Src/stm32f4xx_hal_rcc.c.obj
 .debug_info    0x0000842d     0x3d5b CMakeFiles/CableMeasure.elf.dir/Drivers/STM32F4xx_HAL_Driver/Src/stm32f4xx_hal_tim.c.obj
 .debug_info    0x0000c188     0x1ade CMakeFiles/CableMeasure.elf.dir/Drivers/STM32F4xx_HAL_Driver/Src/stm32f4xx_hal_tim_ex.c.obj
 .debug_info    0x0000dc66     0x424e CMakeFiles/CableMeasure.elf.dir/Drivers/STM32F4xx_HAL_Driver/Src/stm32f4xx_hal_uart.c.obj
 .debug_info    0x00011eb4      0x701 CMakeFiles/CableMeasure.elf.dir/User/display.c.obj
 .debug_info    0x000125b5      0x4db CMakeFiles/CableMeasure.elf.dir/User/getC.c.obj
 .debug_info    0x00012a90      0x486 CMakeFiles/CableMeasure.elf.dir/User/getL.c.obj
 .debug_info    0x00012f16      0x92d CMakeFiles/CableMeasure.elf.dir/User/getR.c.obj
 .debug_info    0x00013843      0x699 CMakeFiles/CableMeasure.elf.dir/User/printf.c.obj
 .debug_info    0x00013edc      0xd3c CMakeFiles/CableMeasure.elf.dir/User/tdc.c.obj
 .debug_info    0x00014c18      0x118 CMakeFiles/CableMeasure.elf.dir/User/tick.c.obj
 .debug_info    0x00014d30      0x906 CMakeFiles/CableMeasure.elf.dir/User/user.c.obj

.debug_abbrev   0x00000000     0x2f8a
 .debug_abbrev  0x00000000      0x1d3 CMakeFiles/CableMeasure.elf.dir/Core/Src/adc.c.obj
 .debug_abbrev  0x000001d3      0x16a CMakeFiles/CableMeasure.elf.dir/Core/Src/gpio.c.obj
 .debug_abbrev  0x0000033d      0x1b7 CMakeFiles/CableMeasure.elf.dir/Core/Src/main.c.obj
 .debug_abbrev  0x000004f4       0xd1 CMakeFiles/CableMeasure.elf.dir/Core/Src/stm32f4xx_hal_msp.c.obj
 .debug_abbrev  0x000005c5       0xa4 CMakeFiles/CableMeasure.elf.dir/Core/Src/stm32f4xx_it.c.obj
 .debug_abbrev  0x00000669      0x1a3 CMakeFiles/CableMeasure.elf.dir/Core/Src/syscalls.c.obj
 .debug_abbrev  0x0000080c       0xe7 CMakeFiles/CableMeasure.elf.dir/Core/Src/sysmem.c.obj
 .debug_abbrev  0x000008f3      0x119 CMakeFiles/CableMeasure.elf.dir/Core/Src/system_stm32f4xx.c.obj
 .debug_abbrev  0x00000a0c      0x1c5 CMakeFiles/CableMeasure.elf.dir/Core/Src/tim.c.obj
 .debug_abbrev  0x00000bd1      0x1da CMakeFiles/CableMeasure.elf.dir/Core/Src/usart.c.obj
 .debug_abbrev  0x00000dab       0x12 CMakeFiles/CableMeasure.elf.dir/Core/Startup/startup_stm32f429zgtx.s.obj
 .debug_abbrev  0x00000dbd      0x206 CMakeFiles/CableMeasure.elf.dir/Drivers/STM32F4xx_HAL_Driver/Src/stm32f4xx_hal.c.obj
 .debug_abbrev  0x00000fc3      0x23a CMakeFiles/CableMeasure.elf.dir/Drivers/STM32F4xx_HAL_Driver/Src/stm32f4xx_hal_adc.c.obj
 .debug_abbrev  0x000011fd      0x36a CMakeFiles/CableMeasure.elf.dir/Drivers/STM32F4xx_HAL_Driver/Src/stm32f4xx_hal_cortex.c.obj
 .debug_abbrev  0x00001567      0x1ef CMakeFiles/CableMeasure.elf.dir/Drivers/STM32F4xx_HAL_Driver/Src/stm32f4xx_hal_gpio.c.obj
 .debug_abbrev  0x00001756      0x1c0 CMakeFiles/CableMeasure.elf.dir/Drivers/STM32F4xx_HAL_Driver/Src/stm32f4xx_hal_pwr_ex.c.obj
 .debug_abbrev  0x00001916      0x28a CMakeFiles/CableMeasure.elf.dir/Drivers/STM32F4xx_HAL_Driver/Src/stm32f4xx_hal_rcc.c.obj
 .debug_abbrev  0x00001ba0      0x22b CMakeFiles/CableMeasure.elf.dir/Drivers/STM32F4xx_HAL_Driver/Src/stm32f4xx_hal_tim.c.obj
 .debug_abbrev  0x00001dcb      0x241 CMakeFiles/CableMeasure.elf.dir/Drivers/STM32F4xx_HAL_Driver/Src/stm32f4xx_hal_tim_ex.c.obj
 .debug_abbrev  0x0000200c      0x2fd CMakeFiles/CableMeasure.elf.dir/Drivers/STM32F4xx_HAL_Driver/Src/stm32f4xx_hal_uart.c.obj
 .debug_abbrev  0x00002309      0x1d4 CMakeFiles/CableMeasure.elf.dir/User/display.c.obj
 .debug_abbrev  0x000024dd      0x1a3 CMakeFiles/CableMeasure.elf.dir/User/getC.c.obj
 .debug_abbrev  0x00002680      0x109 CMakeFiles/CableMeasure.elf.dir/User/getL.c.obj
 .debug_abbrev  0x00002789      0x217 CMakeFiles/CableMeasure.elf.dir/User/getR.c.obj
 .debug_abbrev  0x000029a0      0x1d6 CMakeFiles/CableMeasure.elf.dir/User/printf.c.obj
 .debug_abbrev  0x00002b76      0x1c4 CMakeFiles/CableMeasure.elf.dir/User/tdc.c.obj